
 Start         Length     Name                   Class
 0001:00000000 001243C4H .text                   CODE
 0002:00000000 00087DE8H .data                   DATA
 0002:00087DE8 001AEB59H .bss                    BSS


Detailed map of segments

 0001:00000000 000034F4 C=CODE     S=.text    G=(none)   M=System   ACBP=A9
 0001:000034F4 00000164 C=CODE     S=.text    G=(none)   M=SysInit  ACBP=A9
 0001:00003658 00000038 C=CODE     S=.text    G=(none)   M=gossdat  ACBP=A9
 0001:00003690 0000076C C=CODE     S=.text    G=(none)   M=gossnet  ACBP=A9
 0001:00003DFC 0000ED24 C=CODE     S=.text    G=(none)   M=main     ACBP=A9
 0001:00012B20 00097B74 C=CODE     S=.text    G=(none)   M=gossgui  ACBP=A9
 0001:000AA694 00006EF8 C=CODE     S=.text    G=(none)   M=gosssnd  ACBP=A9
 0001:000B158C 0002EE84 C=CODE     S=.text    G=(none)   M=gossimg  ACBP=A9
 0001:000E0410 00012B3C C=CODE     S=.text    G=(none)   M=gossjpg  ACBP=A9
 0001:000F2F4C 0000B0E0 C=CODE     S=.text    G=(none)   M=gossio   ACBP=A9
 0001:000FE02C 00008E24 C=CODE     S=.text    G=(none)   M=gosszip  ACBP=A9
 0001:00106E50 0001A4CC C=CODE     S=.text    G=(none)   M=gossroot ACBP=A9
 0001:0012131C 00002E38 C=CODE     S=.text    G=(none)   M=gosswin  ACBP=A9
 0001:00124154 0000019C C=CODE     S=.text    G=(none)   M=gossgame ACBP=A9
 0001:001242F0 000000D1 C=CODE     S=.text    G=(none)   M=cynthia  ACBP=A9
 0002:00000000 0000009A C=DATA     S=.data    G=DGROUP   M=System   ACBP=A9
 0002:0000009C 00000010 C=DATA     S=.data    G=DGROUP   M=SysInit  ACBP=A9
 0002:000000AC 0004CBD4 C=DATA     S=.data    G=DGROUP   M=gossdat  ACBP=A9
 0002:0004CC80 00000034 C=DATA     S=.data    G=DGROUP   M=gossnet  ACBP=A9
 0002:0004CCB4 00000008 C=DATA     S=.data    G=DGROUP   M=main     ACBP=A9
 0002:0004CCBC 00039950 C=DATA     S=.data    G=DGROUP   M=gossgui  ACBP=A9
 0002:0008660C 0000004C C=DATA     S=.data    G=DGROUP   M=gosssnd  ACBP=A9
 0002:00086658 000000E8 C=DATA     S=.data    G=DGROUP   M=gossimg  ACBP=A9
 0002:00086740 000008F0 C=DATA     S=.data    G=DGROUP   M=gossjpg  ACBP=A9
 0002:00087030 0000002C C=DATA     S=.data    G=DGROUP   M=gossio   ACBP=A9
 0002:0008705C 000006CC C=DATA     S=.data    G=DGROUP   M=gosszip  ACBP=A9
 0002:00087728 000004BA C=DATA     S=.data    G=DGROUP   M=gossroot ACBP=A9
 0002:00087BE4 00000078 C=DATA     S=.data    G=DGROUP   M=gosswin  ACBP=A9
 0002:00087C5C 00000010 C=DATA     S=.data    G=DGROUP   M=gossgame ACBP=A9
 0002:00088000 00000498 C=BSS      S=.bss     G=DGROUP   M=System   ACBP=A9
 0002:00088498 00000018 C=BSS      S=.bss     G=DGROUP   M=SysInit  ACBP=A9
 0002:000884B0 00000004 C=BSS      S=.bss     G=DGROUP   M=gossdat  ACBP=A9
 0002:000884B4 00155D30 C=BSS      S=.bss     G=DGROUP   M=gossnet  ACBP=A9
 0002:001DE1E4 00000004 C=BSS      S=.bss     G=DGROUP   M=main     ACBP=A9
 0002:001DE1E8 0001400C C=BSS      S=.bss     G=DGROUP   M=gossgui  ACBP=A9
 0002:001F21F4 00002DDC C=BSS      S=.bss     G=DGROUP   M=gosssnd  ACBP=A9
 0002:001F4FD0 00014960 C=BSS      S=.bss     G=DGROUP   M=gossimg  ACBP=A9
 0002:00209930 00000004 C=BSS      S=.bss     G=DGROUP   M=gossjpg  ACBP=A9
 0002:00209934 000035EC C=BSS      S=.bss     G=DGROUP   M=gossio   ACBP=A9
 0002:0020CF20 00001988 C=BSS      S=.bss     G=DGROUP   M=gosszip  ACBP=A9
 0002:0020E8A8 00027390 C=BSS      S=.bss     G=DGROUP   M=gossroot ACBP=A9
 0002:00235C38 00000800 C=BSS      S=.bss     G=DGROUP   M=gosswin  ACBP=A9
 0002:00236438 00000720 C=BSS      S=.bss     G=DGROUP   M=gossgame ACBP=A9


  Address         Publics by Name

 0001:000029B0       @AddRef
 0001:00002904       @AddRefArray
 0001:000028D8       @AddRefRecord
 0001:00003259       @Append
 0001:00001A48       @AsClass
 0001:00002FD2       @Assign
 0001:00001A70       @ClassCreate
 0001:00001AAC       @ClassDestroy
 0001:00003074       @Close
 0001:00001704       @COS
 0001:000029D0       @Dispose
 0001:00001D08       @DoneExcept
 0001:000017F0       @FillChar
 0001:000028CC       @Finalize
 0001:0000280C       @FinalizeArray
 0001:000027E0       @FinalizeRecord
 0001:0000304D       @Flush
 0001:0000173C       @FRAC
 0001:000014E8       @FreeMem
 0001:0000312A       @FSafeDivide
 0001:00003128       @FSafeDivideR
 0001:000014D0       @GetMem
 0001:0000356C       @GetTls
 0001:0000214C       @Halt
 0001:00002034       @Halt0
 0001:00001B9C       @HandleAnyException
 0001:00001C60       @HandleFinally
 0001:000035FC       @InitExe
 0001:000027D4       @Initialize
 0001:00002744       @InitializeArray
 0001:00002718       @InitializeRecord
 0001:00001714       @INT
 0001:00002DC4       @IntfAddRef
 0001:00002D98       @IntfCast
 0001:00002D80       @IntfClear
 0001:00001A30       @IsClass
 0001:00002490       @LStrAddRef
 0001:00002188       @LStrArrayClr
 0001:000021B8       @LStrAsg
 0001:000022E4       @LStrCat
 0001:00002328       @LStrCat3
 0001:0000239C       @LStrCatN
 0001:00002164       @LStrClr
 0001:000023EC       @LStrCmp
 0001:000024E0       @LStrCopy
 0001:00002520       @LStrDelete
 0001:000022C4       @LStrFromArray
 0001:00002278       @LStrFromChar
 0001:00002288       @LStrFromPChar
 0001:00002248       @LStrFromPCharLen
 0001:000022B8       @LStrFromString
 0001:000021FC       @LStrLAsg
 0001:000022DC       @LStrLen
 0001:00002568       @LStrSetLength
 0001:000024A0       @LStrToPChar
 0001:000029BC       @New
 0001:00002224       @NewAnsiString
 0001:0000177C       @PStrCat
 0001:000017D4       @PStrCpy
 0001:000017A4       @PStrNCat
 0001:00001CB4       @RaiseAgain
 0001:00001C98       @RaiseExcept
 0001:00001810       @RandInt
 0001:00001500       @ReallocMem
 0001:0000324B       @ResetText
 0001:00003252       @RewritText
 0001:00001758       @ROUND
 0001:00002158       @RunError
 0001:0000172C       @SIN
 0001:00001F80       @StartExe
 0001:00001760       @TRUNC
 0001:00001D38       @TryFinallyExit
 0001:00002A98       @VarAddRef
 0001:000029E8       @VarClear
 0001:00002A90       @VarClr
 0001:00002A1C       @VarCopy
 0001:0000333F       @Write0Char
 0001:000033A8       @Write0CString
 0001:000025CC       @Write0LString
 0001:00003304       @Write0String
 0001:00003391       @WriteChar
 0001:000033AC       @WriteCString
 0001:0000332B       @WriteLn
 0001:000025D4       @WriteLString
 0001:0000330E       @WriteString
 0001:000026F8       @WStrAddRef
 0001:00002614       @WStrArrayClr
 0001:000025FC       @WStrClr
 0001:000026D8       @WStrFromLStr
 0001:00002638       @WStrFromPCharLen
 0001:000026BC       @WStrFromPWCharLen
 0001:000026E8       @WStrToPWChar
 0001:00003028       @_Flush
 0001:00001594       @_IOTest
 0001:00110E78       add64
 0002:000883EC       AllocMemCount
 0002:000883F0       AllocMemSize
 0001:000C6F74       ani__todata2
 0001:000C6FD8       ani__todata3
 0001:000C7060       ani__todata4
 0001:000C7334       ani__todata5
 0002:000011F8       apphelp
 0001:0011556C       app__activehandle
 0001:000F3114       app__bol
 0001:00113E70       app__boot
 0001:00114C3C       app__cansetwindowalpha
 0001:00113F2C       app__checkCompilerOptionsForMaxSpeed
 0001:00112F94       app__checkvars
 0002:00087950       app__closeinited
 0002:00087954       app__closepaused
 0001:000050A4       app__create
 0001:00016A54       app__cursor
 0001:00015B3C       app__cursorcolorinfo
 0001:00016AD0       app__cursorReapply
 0001:00016AF4       app__cursorsize
 0001:000159BC       app__cursorSoftsaveandload
 0001:000050E8       app__destroy
 0001:00112E5C       app__eventproc
 0001:001129B0       app__filtersettings
 0001:00005124       app__findcustomtep
 0001:00114B20       app__firsttimer
 0001:00112534       app__folder
 0001:00112544       app__folder2
 0001:00112598       app__folder3
 0001:00016AE4       app__gui
 0001:00016AEC       app__guiactive
 0001:00113DDC       app__guimode
 0001:0011494C       app__halt
 0001:00115554       app__handle
 0001:00115584       app__hinstance
 0001:00004344       app__info
 0001:00121A2C       app__info
 0001:001086AC       app__info
 0001:000F30C8       app__info
 0001:000157D0       app__info
 0001:00114B28       app__lasttimer
 0001:000167CC       app__loadcursor
 0001:00016654       app__loadcursorinfo
 0001:00112890       app__loadsettings
 0001:00113DE8       app__makeDPIaware
 0001:00005178       app__onmessage
 0001:00005180       app__onpaint
 0001:0000517C       app__onpaintOFF
 0001:00005184       app__ontimer
 0001:00113CC0       app__paintnow
 0001:00113DD4       app__pause
 0001:001149E0       app__processallmessages
 0001:0011496C       app__processmessages
 0001:00016F3C       app__realtime
 0001:00016F28       app__realtimeOK
 0001:00016F74       app__realtimeSYNC
 0001:000169A4       app__reloadcursorifsizehaschanged
 0001:000050B8       app__remove
 0001:001141F8       app__run
 0001:00113CB4       app__running
 0001:00016298       app__savecursor
 0001:001127D0       app__savesettings
 0001:00016A5C       app__setcursor
 0001:00112748       app__settingsfile
 0001:00114C48       app__setwindowalpha
 0001:00114944       app__startclose
 0001:001126A4       app__subfolder
 0001:001126F4       app__subfolder2
 0001:00005138       app__syncandsavesettings
 0001:00114B30       app__timers
 0001:00114C00       app__turbo
 0001:00114C1C       app__turboOK
 0001:0011335C       app__valuedefaults
 0001:0011558C       app__waitms
 0001:00114A2C       app__wproc
 0001:00114A88       app__writeln
 0001:00115B80       area__clip
 0001:00115C88       area__grow
 0001:00115B64       area__make
 0001:001159F0       area__simplifyoverlapping
 0001:00115A8C       area__valid
 0001:00115ABC       area__within
 0001:00115B08       area__within2
 0001:000B1C54       asimg
 0001:0010760C       backmask__exclude
 0002:0007BD14       back_balls
 0002:00076A4C       back_clouds
 0002:0007568C       back_fuzz
 0002:000733D8       back_ivy
 0002:00071F80       back_metal
 0002:00067AA0       back_none
 0002:00074760       back_pitted
 0002:00067AA4       back_plaster
 0002:0006CF08       back_stone
 0002:00070C64       back_swell
 0002:000751C8       back_vain
 0002:0008772C       base64
 0002:00087770       base64r
 0001:00019890       bchar
 0001:0010CDE8       bcopy1
 0001:0010E2E8       bcopyarray
 0001:0010E240       bcopystr1
 0001:0010E298       bcopystrall
 0001:0010E164       bdel1
 0001:0001A460       bfromname
 0001:0010E000       bgetstr1
 0001:00109684       bit__addval32
 0001:001095F0       bit__findcount32
 0001:001095C8       bit__findfirst32
 0001:00109614       bit__hasval16
 0001:0010964C       bit__hasval32
 0001:001095A4       bit__true32
 0001:00019820       blen
 0001:0010AFB8       block__cls
 0001:0010AE74       block__fastinfo
 0001:0010AFF4       block__free
 0001:0010B01C       block__freeb
 0001:0010AFD0       block__new
 0001:0010AE6C       block__size
 0001:000BCC80       bmp16__todata2
 0001:000BD8A4       bmp1__todata2
 0001:000BDA34       bmp1__todata3
 0001:000C6BB0       bmp1__toicondata
 0001:000BCC74       bmp24__todata2
 0001:000BDD44       bmp32__fromdata
 0001:000BE100       bmp32__fromdata2
 0001:000BC548       bmp32__todata2
 0001:000BC654       bmp32__todata3
 0001:000C5D20       bmp32__toicondata
 0001:000BD590       bmp4__todata2
 0001:000C68D8       bmp4__toicondata
 0001:000BF04C       bmp8__fromdata
 0001:000BCFA4       bmp8__todata2
 0001:000C6410       bmp8__toicondata
 0001:000BC4F0       bmpXX__todata
 0001:000BBFD4       bmp__fromdata
 0001:000BC07C       bmp__fromdata2
 0001:000BC3A8       bmp__todata3
 0001:00110A58       bnc
 0001:0010E338       bnewlen
 0001:0010E38C       bnewstr
 0001:00115F70       bolstr
 0001:0010E3D8       breuse
 0001:0001984C       bsetlen
 0001:000198C4       bstr
 0001:000DE84C       c24a0__int
 0001:000DE714       c24__greyscale2
 0001:000DEE58       c24__hex6
 0001:000DE828       c24__int
 0001:000DE72C       c24__lum
 0001:000DE9DC       c24__splice
 0001:000DF0EC       c32__hex8
 0001:000DE748       c32__lum
 0001:0010B03C       cache__ptr
 0001:00115EC4       cfrcrange32
 0002:0008654C       cf_bwd
 0002:00086550       cf_bwp
 0002:00086548       cf_png
 0001:0001D770       clip__cancopytext
 0001:0001DC60       clip__canpasteimage
 0001:0001E354       clip__canpasteimagefrom
 0001:0001D948       clip__canpastetext
 0001:0001E71C       clip__copyimage
 0001:0001D774       clip__copytext
 0001:0001D854       clip__copytext2
 0001:0001D558       clip__copywordcore
 0001:0001D75C       clip__hasformat
 0001:0001DB14       clip__pasteformat
 0001:0001DD54       clip__pasteimage
 0001:0001E38C       clip__pasteimagefrom2
 0001:0001D954       clip__pastetext
 0001:0001DA0C       clip__pastetext2
 0001:0001DA04       clip__pastetextb
 0002:00087BE4       CLSID_ShellLink
 0002:00088018       CmdLine
 0002:00088014       CmdShow
 0002:0006693C       cols_Aqua_Marine
 0002:000664F8       cols_Army
 0002:00067368       cols_black
 0002:000673BC       cols_black2
 0002:00067410       cols_black3
 0002:00067464       cols_black4
 0002:000674B8       cols_black5
 0002:0006750C       cols_blue
 0002:000679A4       cols_brown
 0002:000679F8       cols_brown2
 0002:00067A4C       cols_brown3
 0002:00066450       cols_BurntOrange
 0002:000663FC       cols_BurntPurple
 0002:000663A8       cols_BurntRed
 0002:00066354       cols_BurntYellow
 0002:00066BDC       cols_Chirpy_Charcoal
 0002:00066C84       cols_DarkAquaTint
 0002:00066CD8       cols_DarkBlueTint
 0002:00066D2C       cols_DarkEmerald
 0002:00066D80       cols_DarkGreenTint
 0002:00066C30       cols_DarkRedTint
 0002:00066DD4       cols_DarkYellowTint
 0002:00066E28       cols_Dreamy_Cream
 0002:000669E4       cols_Dusty_Pink
 0002:000664A4       cols_Eerie
 0002:000668E8       cols_Emerald
 0002:00066A8C       cols_Fern
 0002:000665A0       cols_Fine_Grey
 0002:000665F4       cols_Fine_Grey2
 0002:00066E7C       cols_Gentle_Ginger
 0002:00066F24       cols_Glowing_Grey
 0002:00066744       cols_Gold
 0002:00066798       cols_Gold2
 0002:00066A38       cols_Golden_Sands
 0002:00066840       cols_Grey
 0002:00066ED0       cols_Grumpy_Green
 0002:00066B88       cols_Howdy_Brown
 0002:00066F78       cols_Jovial_Mauve
 0002:000666F0       cols_Lilac
 0002:00066FCC       cols_Luscious_Lilac
 0002:0006669C       cols_Marine
 0002:00066B34       cols_Moon_Blue
 0002:00066648       cols_Pale_Yellow
 0002:000671C4       cols_Peach
 0002:000675B4       cols_pink
 0002:00067950       cols_purple
 0002:00067170       cols_Radiant_Yellow
 0002:0006711C       cols_Red
 0002:00067074       cols_Rosebud_Pink
 0002:00067560       cols_royal_blue
 0002:000678A8       cols_satinpink
 0002:000678FC       cols_satinpink2
 0002:000670C8       cols_Silky_Sand
 0002:000667EC       cols_Silver_Gold
 0002:00067020       cols_Slinky_Pink
 0002:00066894       cols_Soft_Blue
 0002:0006654C       cols_Soft_Green
 0002:00066AE0       cols_Tangerine
 0002:00067218       cols_Tangy_Tangerine
 0002:00066990       cols_Washed_Crimson
 0002:0006765C       cols_white
 0002:000676B0       cols_white2
 0002:00067704       cols_white3
 0002:00067758       cols_white4
 0002:000677AC       cols_white5
 0002:00067800       cols_white6
 0002:00067854       cols_white7
 0002:0006726C       cols_white_and_pale
 0002:00067608       cols_wild_mix
 0002:000672C0       cols_Wild_Thing
 0002:00067314       cols_Wild_Thing_Pastel
 0001:000C6F50       cur32__todata
 0001:000C6F5C       cur32__todata2
 0001:0011728C       curcomma
 0001:00117020       curdec
 0001:0011709C       curstrex
 0001:000C6EF4       curXX__todata
 0001:000C6F00       curXX__todata2
 0002:0004CCBC       cur_template_arrow128
 0002:0004D44C       cur_template_arrow32
 0001:000C6EBC       cur__fromdata
 0001:000C6D94       cur__todata2
 0001:000C6DF0       cur__todata3
 0001:00124398       cynthia
 0001:0010F124       date__date
 0001:0010F4F4       date__datetimetotimestamp
 0001:0010F498       date__decodetime
 0001:0010F218       date__encodedate
 0001:0010F404       date__encodetime
 0001:0010F1A8       date__filedatetodatetime
 0002:00087908       date__FMSecsPerDay
 0002:0008790C       date__IMSecsPerDay
 0001:0010F534       date__isleapyear
 0002:00087910       date__monthdays
 0001:0010F184       date__now
 0001:0010F150       date__time
 0001:001105C0       debugging
 0002:00000004       DebugHook
 0002:001DE328       debug_basicdebug_area
 0002:00086444       debug_basicdebug_areacheck
 0002:00086448       debug_basicdebug_areafail_count
 0002:0008644C       debug_basicdebug_areaoverlap_count
 0002:00086450       debug_basicdebug_int1
 0002:00086440       debug_junk1
 0002:00000000       Default8087CW
 0001:000D01C4       degtorad2
 0001:000BF7E0       dib__fromdata
 0001:000BF7F0       dib__fromdata2
 0001:0002C588       dic_extractwordfromdoc
 0001:0002CCC0       dic_findword
 0001:0002CD14       dic_findword2
 0001:0002C508       dic_id
 0001:0002C398       dic_init
 0001:0002CC60       dic_misspelt
 0001:0002C4F8       dic_newid
 0001:0002C2E8       dic_shut
 0001:00111268       div32
 0001:00110F18       div64
 0001:00121D28       dwin____EnumPrinters
 0002:00087C58       dwin____EnumPrinters_proc
 0002:00087C54       dwin____EnumPrinters_state
 0001:00121CC0       dwin____GetDefaultPrinter
 0002:00087C50       dwin____GetDefaultPrinter_proc
 0002:00087C4C       dwin____GetDefaultPrinter_state
 0002:00088024       ErrorAddr
 0002:00088004       ErrorProc
 0001:00121DDC       Exception.CreateFmt
 0001:00121E18       Exception.CreateHelp
 0002:00088008       ExceptObjProc
 0002:00088000       ExceptProc
 0002:0008801C       ExitCode
 0002:00088020       ExitProc
 0002:00204DD4       fb255
 0001:000DDD98       fbGreyscale
 0001:000DDD80       fbInvert
 0001:000DDD38       fbNoise3
 0001:000DDDB0       fbSepia
 0002:002055D8       fbwrap255
 0001:000FA4C4       filecache__closeall_byname_rightnow
 0001:000FA49C       filecache__closeall_rightnow
 0001:000FA588       filecache__closefile
 0001:000FA528       filecache__closerec
 0001:000FA468       filecache__enabled
 0001:000FA758       filecache__find
 0001:000FA440       filecache__idletime
 0001:000FA5D0       filecache__inc_usecount
 0001:000FA3F4       filecache__initrec
 0001:000FAEC0       filecache__managementevent
 0001:000FA5F8       filecache__newslot
 0001:000FA844       filecache__openfile_anyORread
 0001:000FA95C       filecache__openfile_read
 0001:000FAC98       filecache__openfile_write2
 0001:000FA3E4       filecache__recok
 0001:000FA7F4       filecache__remfile
 0001:000FA474       filecache__safefilename
 0002:0008802E       FileMode
 0001:001240FC       Finalization
 0001:00124270       Finalization
 0001:00003D70       Finalization
 0001:000F2F14       Finalization
 0001:000E0388       Finalization
 0001:000033D8       Finalization
 0001:00003620       Finalization
 0001:001242F0       Finalization
 0001:000B1520       Finalization
 0001:00121224       Finalization
 0001:00003658       Finalization
 0001:000AA414       Finalization
 0001:00012AE8       Finalization
 0001:000FDFC0       Finalization
 0001:00106E18       Finalization
 0001:00002ABC       FindHInstance
 0001:00111C94       floattostrex
 0001:00111C74       floattostrex2
 0001:00116C18       float__fromstr
 0001:00116C6C       float__fromstr3
 0001:001163C8       float__tostr
 0001:0011651C       float__tostr3
 0001:00107E40       font__initprinter
 0001:00107D4C       font__initscreen
 0001:00107A98       font__list2
 0001:0010810C       font__printerfontproc
 0001:00107FD0       font__screenfontproc
 0001:00054BFC       form__move
 0001:00111F28       fr64
 0001:0002DA40       frcextrange
 0001:00115DAC       frcmax32
 0001:00116154       frcmax64
 0001:00115DA4       frcmin32
 0001:0011611C       frcmin64
 0001:00115DC4       frcminD64
 0001:00115EA0       frcrange2
 0001:00115DB4       frcrange32
 0001:0011618C       frcrange64
 0001:00115DF8       frcrangeD64
 0001:00110C6C       freeobj
 0001:00115E44       from32bit
 0001:0002BEAC       fromnullstr
 0002:00087C64       game_cursormoveref
 0002:00087C5C       game_endpaintref
 0002:00236438       game_fontlist
 0002:00236658       game_menu
 0002:00087C68       game_speedtest_ref
 0002:00087C60       game_ver
 0001:0001E8C4       gec__taskfailed
 0001:000DE8B4       ggga0__int
 0001:000CA144       gif__addcell82432
 0001:000C831C       gif__compress
 0001:000C85B0       gif__compressex
 0001:000C7FC0       gif__decompressex
 0001:000C8B70       gif__fromdata
 0001:000C9ECC       gif__start
 0001:000CA804       gif__stop
 0001:000C9C20       gif__todata2
 0002:00087728       globaloverride_incSIZE
 0001:0010AA40       global__create
 0001:0010ABB8       global__free
 0001:0010AAD0       global__resize
 0001:0010AC08       global__size
 0001:00003688       gossdat
 0001:001242E8       gossgame
 0001:000AA68C       gossgui
 0001:00014FC8       gossgui__start
 0001:000156D4       gossgui__stop
 0001:000E0408       gossimg
 0001:000B1A84       gossimg__havegif
 0001:000B1A80       gossimg__haveico
 0001:000B1A88       gossimg__havejpg
 0001:000B17B0       gossimg__start
 0001:000B19D8       gossimg__stop
 0001:000FE024       gossio
 0001:000F2F7C       gossio__start
 0001:000F3044       gossio__stop
 0001:000F2F44       gossjpg
 0001:00003DF4       gossnet
 0001:000036B0       gossnet__start
 0001:00003724       gossnet__stop
 0001:00121314       gossroot
 0001:001084A0       gossroot__start
 0001:0010861C       gossroot__stop
 0001:000B1584       gosssnd
 0001:000AA7FC       gosssnd__onmessage_mm
 0001:000AA81C       gosssnd__onmessage_wave
 0001:000AA764       gosssnd__start
 0001:000AA7B0       gosssnd__stop
 0001:0012414C       gosswin
 0001:00121998       gosswin__start
 0001:001219E0       gosswin__stop
 0001:00106E48       gosszip
 0002:0008794C       gui__closing
 0001:00016ED8       gui__delrgn
 0001:0004FD1C       gui__foldertep2
 0002:00087944       gui__initing
 0001:00016E44       gui__newrgn
 0002:00087948       gui__running
 0001:0010768C       gui__sysprogram_monitorindex
 0001:0004FCC4       gui__tepext
 0001:00016B14       gui__timers
 0001:00107684       gui__vimultimonitor
 0001:00016AFC       gui__zoom
 0001:000DF4F0       hex8__int
 0002:000884A4       HInstance
 0001:0001EF94       his__active2
 0001:0001F204       his__add2
 0001:0001ECD8       his__cannext
 0001:0001EA20       his__canprev
 0001:0001E910       his__find
 0001:0001ED38       his__next
 0001:0001ED98       his__next2
 0001:0001EA80       his__prev
 0001:0001EAE0       his__prev2
 0001:0001F0F4       his__setactiveref
 0002:0004CCB8       iapp
 0001:000B9D18       ia__add
 0001:000B9DA8       ia__addlist
 0001:000BA7B8       ia__find
 0001:000BA0CC       ia__found
 0001:000B9FD8       ia__iadd
 0001:000BA2AC       ia__ifindval
 0001:000BA39C       ia__ifindval64
 0001:000BA5F4       ia__ifindval64b
 0001:000BA584       ia__ifindvalb
 0001:000BA130       ia__ok
 0001:000BA664       ia__sfind
 0001:000BA1BC       ia__sfindval
 0001:000B9E88       ia__spreadd
 0001:000B9160       ia__useroptions
 0001:000C5B78       ico32__findhotspot
 0001:000C4BDC       ico32__fromdata
 0001:000C4FAC       ico32__fromdata2
 0001:000C4738       ico32__todata2
 0001:000C47DC       ico32__todata3
 0001:000C4704       icoXX__todata
 0001:000C4BA4       ico__fromdata
 0001:000C4524       ico__todata3
 0001:000FDB48       idisk__fileexists
 0001:000FDB70       idisk__find
 0001:000FD704       idisk__findnext
 0001:000FD624       idisk__fullname
 0001:000FDAC0       idisk__havescope
 0001:000FD590       idisk__init
 0001:000FDC6C       idisk__remfile
 0001:000FDD08       idisk__tofile
 0001:000FDD14       idisk__tofile1
 0001:000FDF14       idisk__tofile2
 0001:000FDF28       idisk__tofile21
 0001:0001A3FC       ifromname
 0001:000BAA8C       img32__fromdata
 0001:000BAAB0       img32__fromdata2
 0001:000BAF14       img32__todata3
 0002:00087958       info_mode
 0001:00004390       info__app
 0001:0001581C       info__gui
 0001:000B1A8C       info__img
 0001:000F3178       info__io
 0001:000E0410       info__jpg
 0001:00108DF4       info__mode
 0001:00003784       info__net
 0001:001086F8       info__root
 0001:00108A28       info__rootfind
 0001:000AA83C       info__snd
 0001:00121A78       info__win
 0001:000FE02C       info__zip
 0002:00088034       Input
 0001:00107628       inputcolorise__backcolor
 0001:00115D9C       insint
 0001:001112DC       insstr
 0001:000DE870       int24__rgba0
 0001:000DEB90       inta0__findcolor
 0001:000DE6EC       inta__c32
 0001:000DEBE0       inta__findcolor
 0002:00087054       intdisk_char
 0002:0020C4F4       intdisk_data
 0002:0020C814       intdisk_date
 0002:00087050       intdisk_inuse
 0002:00087058       intdisk_label
 0002:0020C1D4       intdisk_name
 0002:0020CE54       intdisk_readonly
 0001:0011626C       intstr32
 0001:001162EC       intstr64
 0001:000DE8CC       int__brightness
 0001:000DE8F8       int__brightnessb
 0001:000DE91C       int__brightness_aveb
 0001:001163A0       int__byte0
 0001:00116380       int__byteX
 0001:000DE6A4       int__c24
 0001:000DE6C0       int__c32
 0001:000DFBD0       int__dif24
 0001:000DFBD8       int__dif242
 0001:0011632C       int__fromstr
 0001:000DE768       int__greyscale_ave
 0001:000DEE08       int__hex6
 0001:000DEE38       int__hex8
 0001:000DE78C       int__invert
 0001:000DE7A8       int__invert2
 0001:000DE818       int__invert2b
 0001:000DE798       int__invertb
 0001:000DFD70       int__makevis24
 0001:001163AC       int__round4
 0001:000DE940       int__setbrightness357
 0001:000DEAF8       int__splice24
 0001:000DEB5C       int__splice24_100
 0001:00116308       int__tostr
 0001:000DFD20       int__vis24
 0001:000F8CFC       io__anyformat
 0001:000F8E18       io__anyformat2
 0001:000F8CF4       io__anyformat2b
 0001:000F8CE8       io__anyformatb
 0001:000F80D0       io__asfolder
 0001:000F8158       io__asfolderNIL
 0001:000F3E14       io__backupfilename
 0001:000F850C       io__canshowfolder
 0001:000F3C68       io__copyfile
 0001:000F5074       io__createlink
 0001:000F5294       io__dates__fileage
 0001:000F5214       io__dates__filedatetime
 0001:000F8528       io__driveexists
 0001:000F8940       io__drivelabel
 0001:000F5014       io__drivelist
 0001:000F8740       io__drivetype
 0001:000F4B84       io__exemarker
 0001:000F5204       io__exename
 0001:000F4DDC       io__exeread
 0001:000F7C3C       io__extractfileext
 0001:000F7D5C       io__extractfileext2
 0001:000F7DD8       io__extractfileext3
 0001:000F7F28       io__extractfilename
 0001:000F7E40       io__extractfilepath
 0001:000F6F7C       io__faISfolder
 0001:000F3AAC       io__fileexists
 0001:000F3C30       io__filesetattr
 0001:000F3AFC       io__filesize64
 0001:000F5994       io__findext
 0001:000F3314       io__findfolder
 0001:000F827C       io__folderaslabel
 0001:000F4A50       io__folderexists
 0001:000F5674       io__forceext2
 0001:000F4408       io__fromfile
 0001:000F4438       io__fromfile64
 0001:000F4444       io__fromfile641
 0001:000F447C       io__fromfile64b
 0001:000F44D4       io__fromfile64c
 0001:000F4330       io__fromfilestr
 0001:000F42E8       io__fromfilestrb
 0001:000F49D4       io__fromfiletime
 0001:000F76D0       io__hack_dangerous_filepath
 0001:000F76C0       io__hack_dangerous_filepath_allow_mask
 0001:000F76C8       io__hack_dangerous_filepath_deny_mask
 0001:000F83F4       io__isfile
 0001:000F52FC       io__lastext
 0001:000F5310       io__lastext2
 0001:000F84A0       io__local
 0001:000F4A8C       io__makefolder
 0001:000F7930       io__makeportablefilename
 0001:000F7148       io__mssortstr
 0001:000F6D44       io__readfileext
 0001:000F6DE8       io__readfileext_low
 0001:000F7AB8       io__readportablefilename
 0001:000F3C00       io__remfile
 0001:000F53F0       io__remlastext
 0001:000F74CC       io__safefilename
 0001:000F7470       io__safename
 0001:000F6E3C       io__scandownto
 0001:000F8020       io__shortfile
 0001:000F3FD8       io__tofile
 0001:000F4000       io__tofileex64
 0001:000F3F48       io__tofilestr
 0001:000F3BB4       io__validfilename
 0001:000F3960       io__windesktop
 0001:000F35D8       io__windrive
 0001:000F39E4       io__winprograms
 0001:000F3658       io__winroot
 0001:000F3A28       io__winstartmenu
 0001:000F39A0       io__winstartup
 0001:000F3750       io__winsystem
 0001:000F3854       io__wintemp
 0001:00003B88       ipsec__clearslot
 0002:0008802C       IsConsole
 0002:00088010       IsLibrary
 0002:0008802D       IsMultiThread
 0002:0004CCB4       itimerbusy
 0001:000BF804       jpg__can
 0001:000BF808       jpg__fromdata
 0001:000BFBC4       jpg__todata3
 0001:000E0A5C       jpg____fromdata
 0001:000E078C       jpg____todata
 0001:00111F90       k64
 0001:00111FAC       k642
 0001:00115EBC       largest32
 0002:00000008       LibModuleList
 0001:00002AE4       LoadResourceModule
 0001:00003C08       log__writemaybe
 0001:00003C3C       log__writenow
 0001:000D52E0       low__aicopy
 0001:0002E4BC       low__akstr
 0001:001177A0       low__aorb
 0001:00117828       low__aorbbol
 0001:00117820       low__aorbchar
 0001:001177A8       low__aorbstr
 0001:0011581C       low__areawithinrect
 0001:0002BD94       low__asname
 0001:001104B8       low__b
 0001:0002BB30       low__canecopaint
 0001:0001F844       low__canshowvol
 0001:0002DF0C       low__cap2432
 0001:0002DF24       low__cap2432c
 0001:0002E134       low__capcolor
 0001:0002E13C       low__capcolor2
 0001:0012025C       low__cdmix
 0001:0011FD94       low__cdstr
 0001:0011FDA0       low__cdstr2
 0001:001083F8       low__clickidle
 0001:0001706C       low__clienttoscreen
 0001:0001F9F8       low__closecount
 0001:0001FA78       low__closelock
 0001:0001FA8C       low__closeunlock
 0001:00110710       low__cls
 0001:0001BF20       low__coloradjBrightness
 0001:0011069C       low__comparearray
 0001:001175F0       low__compress
 0001:001220FC       low__console
 0001:00122084       low__consoleb
 0001:00029E54       low__cornerhollow
 0001:000CDA44       low__cornersolid
 0001:00117930       low__crc32
 0001:001179E8       low__crc32b
 0001:001178CC       low__crc32inc
 0001:00117A28       low__crc32seedable
 0001:000B2E00       low__createimg24
 0001:000B30B8       low__createint
 0001:0001A804       low__criticalcolor
 0001:0010F010       low__datename
 0001:0010EECC       low__datetimename
 0001:0010F574       low__decodedate2
 0001:0010F5A4       low__decodetime2
 0001:001175FC       low__decompress
 0001:00117534       low__digpad11
 0001:00117454       low__digpad20
 0001:00115D78       low__divmod
 0001:00108424       low__downidle
 0001:00025468       low__draw
 0001:00025514       low__draw2
 0001:000255D4       low__draw2b
 0001:00025D7C       low__draw3
 0001:0011F384       low__ecapbin
 0001:0011F2FC       low__ecapk
 0001:00110804       low__even
 0001:000DAAD4       low__findbpp82432
 0001:0001C1FC       low__findbuiltincolor
 0001:001117BC       low__findchar
 0001:0004F01C       low__findfontname
 0001:0004EE98       low__findfontname2
 0001:0004F078       low__findfontnameb
 0001:001105C4       low__fireevent
 0001:0002BF88       low__firstline
 0001:0002E2BC       low__firstnbl
 0001:0002E3A8       low__firstnbl2
 0001:0001A4EC       low__fixcolors
 0001:00117608       low__foldertep2
 0001:0004F688       low__font
 0001:0004F0D0       low__font0
 0001:0004F14C       low__font1
 0001:0004F1CC       low__font2
 0001:0004F33C       low__fontavew
 0001:0004F350       low__fontcount
 0001:0004F2A0       low__fontdata
 0001:0004F2E0       low__fontmaxh
 0001:0004F2F8       low__fonttextwidth2
 0001:0004F318       low__fonttextwidthTAB2
 0001:000DA110       low__framecols
 0001:000DA6F0       low__frameset
 0001:000B2F7C       low__freeimg
 0001:000B3234       low__freeint
 0001:000DC2A0       low__fromani322
 0001:0011057C       low__fromb641
 0001:0001A9C0       low__fromcompactcolors
 0001:0001AA14       low__fromcompactcolors2
 0001:000DAF04       low__fromico32
 0001:000DB4DC       low__fromico322
 0001:00049994       low__fromLGF_avew
 0001:000498F8       low__fromLGF_charw
 0001:00049FE4       low__fromLGF_drawchar2432
 0001:0004E888       low__fromLGF_drawtext2432
 0001:0004E918       low__fromLGF_drawtext2432TAB
 0001:000497B0       low__fromLGF_height
 0001:00049854       low__fromLGF_height1
 0001:0004E790       low__fromLGF_textwidth2
 0001:0004E79C       low__fromLGF_textwidthTAB2
 0001:0001AD20       low__getcolor
 0001:0001AE44       low__getcolor2
 0001:0001B43C       low__getcolors
 0001:0002F2B8       low__getcursordownpos
 0001:0002F260       low__getcursorpos
 0001:0002F298       low__getcursorposb
 0001:0002B18C       low__getfolderimg
 0001:0011F2DC       low__glseEDK
 0001:00122348       low__handlenone
 0001:00111824       low__havechar
 0001:0011188C       low__havechars
 0001:0010F5D8       low__hexchar_lowercase
 0001:0010F604       low__hex_lowercase
 0001:000DAA54       low__icosizes
 0001:00117830       low__initcrc32
 0001:001081D8       low__inputidle
 0001:001082F8       low__inputidle_nomove
 0001:00115D94       low__insint
 0001:0001D53C       low__instouch
 0001:0001D544       low__instouch2
 0001:00110730       low__iroll
 0001:001107A0       low__irollone
 0001:0002EB64       low__keyboard2
 0001:0002E848       low__keyboard__fromak
 0001:001083CC       low__keyidle
 0001:0011FCD4       low__ldstr
 0001:0011FCA8       low__ldstrb
 0001:00111C54       low__len
 0001:0011FBE8       low__lestr
 0001:00111690       low__limitlines
 0001:0002DE14       low__makepertD0
 0001:0002B400       low__makerelative
 0001:0002DAB8       low__maplist
 0001:0010FA30       low__matchmask
 0001:0010FCD4       low__matchmasklist
 0001:001104E8       low__mb
 0001:0002AA9C       low__menuadd
 0001:0002A648       low__menucount
 0001:0002A450       low__menuend
 0001:0002A788       low__menuget
 0001:0002A104       low__menuinit
 0001:0002A1D8       low__menuitem
 0001:0002A270       low__menuitem2
 0001:0002A308       low__menuitem3
 0001:0002A3A0       low__menuitemx2
 0001:0002A42C       low__menusep
 0001:0002A154       low__menutitle
 0001:000AC928       low__midadd
 0001:000AC824       low__midcount
 0001:000AC860       low__midset
 0001:0002DED4       low__minwh
 0001:0002EFD0       low__mouse
 0001:0002F1FC       low__mouse2
 0001:0002EF38       low__mousefine
 0001:0002EEEC       low__mousefine_turnon
 0001:0002BBFC       low__moveidle_global
 0001:0002D95C       low__newid
 0001:0002D974       low__newid1
 0001:0002D868       low__newnameid
 0001:0010F8A4       low__nextline0
 0001:0010F8BC       low__nextline1
 0001:001107B4       low__nrw
 0001:001176C4       low__or3
 0001:00115CC4       low__orderint
 0001:000DAE78       low__palfind24
 0001:00110610       low__param
 0001:00110668       low__paramstr1
 0001:0001C38C       low__plat
 0001:0001D0D8       low__platfolder
 0001:0001D298       low__platimages
 0001:0001D3F4       low__platprgext
 0001:0001D214       low__platprgsettings
 0001:0001D0B4       low__platroot
 0001:0001D2BC       low__platsysext
 0001:0001D190       low__platsyssettings
 0001:0001D16C       low__plattemp
 0001:00115870       low__point
 0001:00110728       low__posn
 0001:0002D9E4       low__ptinarea
 0001:0002B674       low__readrelative
 0001:0010F7E4       low__ref256U
 0001:0010F744       low__ref32u
 0001:0002B094       low__reloadfastvars
 0001:001173B4       low__rembinary
 0001:0002BF34       low__rembinaryb
 0001:00117310       low__remchar
 0001:001172B8       low__remcharb
 0001:00111400       low__remdup2
 0001:00108460       low__resetclicktime
 0001:00108480       low__resetdowntime
 0001:00108450       low__resetkeytime
 0001:00108470       low__resetmovetime
 0001:00108490       low__resetwheeltime
 0001:0010F0C8       low__safedate
 0001:000E016C       low__scale
 0001:000E0298       low__scalecrop
 0001:000E0084       low__scaledown
 0001:0002DAA8       low__setbc
 0001:00115D6C       low__setbol
 0001:0001B064       low__setcolor
 0001:0001B118       low__setcolor2
 0001:0001B2C8       low__setcolor3
 0001:0001B0BC       low__setcolorb
 0001:0001B644       low__setcolors
 0001:0001BC2C       low__setcolorsbyname
 0001:0002B2C0       low__setfolderimg
 0001:00115D5C       low__setint
 0001:00111C04       low__setlen
 0001:00115CD0       low__setstr
 0001:0011576C       low__shiftarea
 0001:001157A4       low__shiftarea2
 0001:0002E494       low__shortcutOK
 0001:0001F5BC       low__showhelp
 0001:0001F888       low__showvol
 0001:0010FF98       low__size
 0001:0010F678       low__splitstr
 0001:0011F0B0       low__stdencrypt
 0001:001222FC       low__stdin
 0001:00115648       low__sum32
 0001:001176E0       low__swapd64
 0001:001176D4       low__swapint
 0001:0001F93C       low__sysadd
 0001:0001F9A8       low__sysdel
 0001:0004FC38       low__syszoomlimit
 0001:0001D52C       low__t
 0001:0004E6B8       low__tab
 0001:0002C244       low__timerdel
 0001:0002C180       low__timerdelay
 0001:0002C028       low__timerset
 0001:000DD504       low__toani32
 0001:000DD7C8       low__toani32b
 0001:0011051C       low__tob64
 0001:00110534       low__tob641
 0001:0001A8B4       low__tocompactcolors
 0001:000DCAF4       low__toico32
 0001:00047AE0       low__toLGF
 0001:0002DC78       low__trimdec
 0001:001176A4       low__true2
 0001:001176A8       low__true4
 0001:0010E9E8       low__uptime
 0001:001115D4       low__urlok
 0001:0001A63C       low__validcolor
 0001:0001F6A8       low__vol
 0001:0002DAC0       low__winzoom
 0001:0002DB74       low__winzoom2
 0001:000356A8       low__wordcore
 0001:000357DC       low__wordcore2
 0001:0003CDA4       low__wordcore4
 0001:00035308       low__wordcore_backup
 0001:00035538       low__wordcore_docchar
 0001:000355E8       low__wordcore_docsep
 0001:0003569C       low__wordcore_docsep2
 0001:000350DC       low__wordcore_find
 0001:00035738       low__wordcore_str
 0001:00035850       low__wordcore_str2
 0001:0002F2F4       low__wordcore__2to1
 0001:0002F364       low__wordcore__3to1
 0001:00031978       low__wordcore__charinfo
 0001:00031BA4       low__wordcore__charinfo2
 0001:000321E0       low__wordcore__charinfoFAST
 0001:00031F8C       low__wordcore__charinfoULTRA
 0001:00031F4C       low__wordcore__charinfoULTRAinit
 0001:0003186C       low__wordcore__filtertext
 0001:00032290       low__wordcore__findalignFAST
 0001:00031DD0       low__wordcore__findformatlevel
 0001:0002FBC0       low__wordcore__fontonevals
 0001:0002F2D0       low__wordcore__inited
 0001:00034FF0       low__wordcore__keyboard2
 0001:0002F8D0       low__wordcore__lgfFILL
 0001:00035058       low__wordcore__mouse
 0001:000341C4       low__wordcore__paint2432
 0001:0002FC9C       low__wordcore__transform
 0001:0002FD08       low__wordcore__transform2
 0001:00030670       low__wordcore__transform3
 0001:0002D99C       low__xyinarea
 0001:0011F524       low__xysort
 0001:0011F53C       low__xysort2
 0001:0010EE54       low__year
 0001:0010EEB4       low__yearstr
 0001:00012B18       main
 0002:0008800C       MainInstance
 0001:00112150       makestr
 0001:00112204       makestrb
 0001:000CAD84       mask__copy
 0001:000CAD94       mask__copy3
 0001:000CA878       mask__empty
 0001:000CB1C0       mask__feather
 0001:000CB3D8       mask__feather2
 0001:000CD7F4       mask__fromdata
 0001:000CD800       mask__fromdata2
 0001:000CA8A4       mask__hasTransparency32
 0001:000CA8B0       mask__hasTransparency322
 0001:000CAC64       mask__maketrans32
 0001:000CAC70       mask__maketrans322
 0001:000CAC7C       mask__maketrans323
 0001:000CA980       mask__range
 0001:000CA99C       mask__range2
 0001:000CAB78       mask__setval
 0001:000CD558       mask__todata
 0001:000CD564       mask__todata2
 0001:0002D610       master__cursor
 0001:0002D7A8       master__cursorCLEAN
 0001:00110D30       math__power32
 0001:00115704       maxarea
 0001:00112504       mem__alloc
 0001:0010AC68       mem__despstring
 0001:00112518       mem__free
 0001:0010ADF4       mem__freemem
 0001:0010AC40       mem__newpstring
 0001:0010AC84       mem__reallocmem
 0001:0010AD68       mem__reallocmemCLEAR
 0001:000AC544       midiOutClose
 0001:000AC640       midioutflush
 0001:000AC4E8       midiOutOpen
 0001:000ABF28       mid_canpertpos
 0001:000ABA70       mid_canplaymidi
 0001:000AC084       mid_datarate
 0001:000AC0D8       mid_deviceactive
 0001:000ABBA0       mid_deviceindex
 0001:000ABBD8       mid_devicelimit
 0001:000AB8D0       mid_devicelist
 0001:000ABC1C       mid_devicename
 0001:000ABBEC       mid_deviceok
 0001:000ABA68       mid_enhance
 0001:000AC004       mid_format
 0001:000AC130       mid_keepopen
 0001:000AC09C       mid_lag
 0001:000ABF8C       mid_len
 0001:000ABFA4       mid_lenfull
 0001:000AC16C       mid_loop
 0001:000ABFD4       mid_lyric
 0001:000ABFBC       mid_lyriccount
 0001:000AC0C0       mid_midbytes
 0001:000AC064       mid_msgrate
 0001:000AC034       mid_msgs
 0001:000AC04C       mid_msgssent
 0001:000AB7D8       mid_ok
 0001:000ABA2C       mid_openmethod
 0001:000ABA24       mid_outdevicecount
 0001:000ABA90       mid_playfile
 0001:000AC114       mid_playing
 0001:000ABF2C       mid_pos
 0001:000ABCB4       mid_seeking
 0001:000ABBB8       mid_setdeviceindex
 0001:000AC14C       mid_setkeepopen
 0001:000ABF64       mid_setpertpos
 0001:000ABF44       mid_setpos
 0001:000ABB0C       mid_setspeed
 0001:000ABB44       mid_setstyle
 0001:000ABCEC       mid_settranspose
 0001:000ABB7C       mid_settrimtolastnote
 0001:000ABE30       mid_setvol
 0001:000ABAF4       mid_speed
 0001:000ABA54       mid_stop
 0001:000ABB2C       mid_style
 0001:000AC01C       mid_tracks
 0001:000ABCD4       mid_transpose
 0001:000ABB64       mid_trimtolastnote
 0001:000AC0F4       mid_usingtimer
 0001:000ABD0C       mid_vol
 0001:000ACBD0       mid__timeusec__add
 0001:000D52D8       misai
 0001:000D5214       misaiclear
 0001:000D51F4       misaiclear2
 0001:000D53CC       misaicopy
 0001:000D0D8C       misarea
 0001:000D4C50       misb
 0001:000D9510       misblur82432
 0001:000D9524       misblur82432b
 0001:000D9558       misblur82432c
 0001:000D9CA0       misblur82432d
 0001:000D4FA0       miscc
 0001:000D5138       miscell
 0001:000D51EC       miscellarea
 0001:000D4FEC       miscells
 0001:000D4F64       misch
 0001:000CF42C       miscls
 0001:000CF454       misclsarea2
 0001:000CF488       misclsarea3
 0001:000D2DE4       miscopy
 0001:000D0DCC       miscopyarea32
 0001:000D0E24       miscopyarea322
 0001:000D1058       miscopyarea323
 0001:000D5414       miscopyareaxx
 0001:000D5480       miscopyareaxx1
 0001:000D5AEC       miscopyareaxx10
 0001:000D54FC       miscopyareaxx2
 0001:000D5570       miscopyareaxx3
 0001:000D55F8       miscopyareaxx5
 0001:000D5698       miscopyareaxx6
 0001:000D5744       miscopyareaxx8
 0001:000D580C       miscopyareaxx9
 0001:000D9254       miscopypixels
 0001:000D45F0       miscountcolors
 0001:000D4610       miscountcolors2
 0001:000D463C       miscountcolors3
 0001:000D468C       miscountcolors4
 0001:000D94CC       miscursorpos
 0001:000D0224       miscurveAirbrush2
 0001:000D4F28       miscw
 0001:000D94D4       misempty
 0001:000D03C0       misfindtranscol82432
 0001:000D03EC       misfindtranscol82432ex
 0001:000CDC5C       misformat
 0001:000D4EB0       mish
 0001:000D4FDC       mishasai
 0001:000D4160       misimg
 0001:000D41B8       misimg24
 0001:000D41C8       misimg32
 0001:000D41A8       misimg8
 0001:000D3234       misinfo
 0001:000D32B4       misinfo2432
 0001:000D3330       misinfo8162432
 0001:000D3374       misinfo824
 0001:000D32F0       misinfo82432
 0001:000D05BC       mislimitcolors82432
 0001:000D0688       mislimitcolors82432ex
 0001:000D31B4       misok2432
 0001:000D30FC       misok32
 0001:000D30C4       misok8
 0001:000D3134       misok824
 0001:000D3170       misok82432
 0001:000D2F5C       misokex
 0001:000D31F0       misokk82432
 0001:000D4FE4       misonecell
 0001:000D35A4       mispixel24
 0001:000D3578       mispixel24VAL
 0001:000D3668       mispixel32
 0001:000D41D8       misraw
 0001:000D4230       misraw32
 0001:000D4220       misraw8
 0001:000D0D70       misrect
 0001:000D33B0       misrows32
 0001:000D3438       misrows82432
 0001:000D3CC8       misscan2432
 0001:000D3AB8       misscan32
 0001:000D39DC       misscan8
 0001:000D3E50       misscan824
 0001:000D383C       misscan82432
 0001:000D3FD8       misscan832
 0001:000D3B94       misscan96
 0001:000CDBE8       misscreenresin248K
 0001:000D4D18       missetb
 0001:000D4E18       missetb2
 0001:000D3760       missetpixel32
 0001:000D4298       missize
 0001:000D42A0       missize2
 0001:000D03A8       mistranscol
 0001:000D4C0C       misv
 0001:000D4E38       misw
 0001:000D4240       miswin
 0001:000D4288       miswin32
 0001:000CFAC4       mis__ai
 0001:000CEC68       mis__calccells2
 0001:000CF9B0       mis__canarea
 0001:000CFD64       mis__cls
 0001:000CFDA0       mis__cls2
 0001:000CFF20       mis__cls8
 0001:000CFF44       mis__cls82
 0001:000D1B1C       mis__colormatrixpixel24
 0001:000D1B60       mis__colormatrixpixel32
 0001:000CE068       mis__copy
 0001:000D1F58       mis__copyfast2432MASK
 0001:000D4430       mis__countcolors257
 0001:000D0068       mis__findBPP
 0001:000CDCC0       mis__format
 0001:000CECCC       mis__fromdata
 0001:000CED6C       mis__fromdata2
 0001:000CE3C0       mis__fromfile
 0001:000CE418       mis__fromfile2
 0001:000CFA6C       mis__hasai
 0001:000CEC20       mis__nocells
 0001:000CFB64       mis__onecell
 0001:000CFD18       mis__resizable
 0001:000CFD38       mis__rowsize4
 0001:000CE514       mis__todata
 0001:000CE574       mis__todata2
 0001:000CE638       mis__todata3
 0001:000CE134       mis__tofile
 0001:000CE1A4       mis__tofile2
 0001:000CE224       mis__tofile3
 0002:00086614       mmsys_chimes
 0002:00086610       mmsys_midi
 0002:00086630       mmsys_mid_basevol
 0002:001F2238       mmsys_mid_chref
 0002:001F222C       mmsys_mid_dataref
 0002:0008662C       mmsys_mid_devicecount
 0002:001F2200       mmsys_mid_devicename
 0002:001F21F4       mmsys_mid_deviceok
 0002:00086624       mmsys_mid_devicetime
 0002:00086634       mmsys_mid_enhanced
 0002:001F4F90       mmsys_mid_msgflush
 0002:001F4F8C       mmsys_mid_msgout
 0002:001F4F88       mmsys_mid_msgoutcount
 0002:001F4A78       mmsys_mid_mutech
 0002:001F4A88       mmsys_mid_mutenote
 0002:001F4B88       mmsys_mid_mutetrack
 0002:001F4D88       mmsys_mid_mutetrack_hasvol
 0002:001F4678       mmsys_mid_notecount
 0002:001F2278       mmsys_mid_noteref
 0002:001F2234       mmsys_mid_notesref
 0002:001F2678       mmsys_mid_notevol
 0002:001F3678       mmsys_mid_notevolOUT
 0002:001F2230       mmsys_mid_ref
 0002:0008661C       mmsys_mm
 0002:00086644       mmsys_mm_lastfilename
 0002:00086654       mmsys_mm_lastlen
 0002:00086650       mmsys_mm_lastpos
 0002:00086648       mmsys_mm_lastsize
 0002:00086620       mmsys_mode
 0002:00086618       mmsys_wave
 0002:00086640       mmsys_wav_devicecount
 0002:001F4FA0       mmsys_wav_devicename
 0002:001F4F94       mmsys_wav_deviceok
 0002:00086638       mmsys_wav_devicetime
 0001:000AC2C4       mm_canpertpos
 0001:000AC1A8       mm_canplay
 0001:000AAA14       mm_init
 0001:000AABBC       mm_inited
 0001:000AC3EC       mm_len
 0001:000AC420       mm_midi
 0001:000AC484       mm_mm
 0001:000AABB8       mm_ok
 0001:000AC1C4       mm_playfile
 0001:000AC400       mm_playing
 0001:000AAE34       mm_playmanagement
 0001:000AABC8       mm_playmanagement_init
 0001:000AC2C8       mm_pos
 0001:000AA9E0       mm_safetohalt
 0001:000AC29C       mm_seeking
 0001:000AC340       mm_setpertpos
 0001:000AC308       mm_setpos
 0001:000AAB3C       mm_shut
 0001:000AC188       mm_stop
 0001:0010E6D8       mn32
 0002:00088498       ModuleIsLib
 0002:0000000C       ModuleUnloadList
 0001:001151DC       monitors__area
 0001:00115544       monitors__areatotalheight
 0001:00115534       monitors__areatotalwidth
 0001:0011529C       monitors__area_auto
 0001:001152C4       monitors__centerINarea_auto
 0001:00115390       monitors__findBYarea
 0001:0011548C       monitors__findBYcursor
 0001:001151D4       monitors__primaryindex
 0001:00115518       monitors__screenheight_auto
 0001:001154FC       monitors__screenwidth_auto
 0001:00114E18       monitors__sync
 0001:0011524C       monitors__totalarea
 0001:00115260       monitors__totalworkarea
 0001:00115214       monitors__workarea
 0001:001154DC       monitors__workareaheight_auto
 0001:001154C0       monitors__workareawidth_auto
 0001:00115274       monitors__workarea_auto
 0001:000015C4       Move
 0001:0010E6E0       ms64
 0001:0010E848       ms64str
 0001:0010E860       msok
 0001:0010E874       msset
 0001:0010E8A0       mswaiting
 0002:00055248       mtep_back20
 0002:00059F50       mtep_background20
 0002:000528AC       mtep_bottom20
 0002:00053680       mtep_bw20
 0002:000520C8       mtep_capture20
 0002:00059AE4       mtep_cd20
 0002:0005A408       mtep_circle20
 0002:000560BC       mtep_close20
 0002:00054DBC       mtep_cls20
 0002:000587E4       mtep_color20
 0002:00054600       mtep_copy20
 0002:00055490       mtep_cut20
 0002:0005959C       mtep_desktop20
 0002:0005A244       mtep_diamond20
 0002:00059708       mtep_disk20
 0002:00054810       mtep_dither20
 0002:00054BD8       mtep_drag20
 0002:0005758C       mtep_exe20
 0002:00057F1C       mtep_eye20
 0002:00054FCC       mtep_eyedropper20
 0002:00053C08       mtep_fastforward20
 0002:00058240       mtep_fav20
 0002:00051B60       mtep_favadd20
 0002:00051E3C       mtep_favedit20
 0002:00051470       mtep_flip20
 0002:00058D9C       mtep_folder20
 0002:00056FB8       mtep_folderimage20
 0002:00056518       mtep_font20
 0002:0005536C       mtep_forward20
 0002:00059D50       mtep_frame20
 0002:00052D6C       mtep_go20
 0002:00054CF8       mtep_gpot20
 0002:0005AF30       mtep_help20
 0002:0005B07C       mtep_helphint
 0002:00058B3C       mtep_home20
 0002:000543C0       mtep_info20
 0002:00052BE4       mtep_invert20
 0002:00052A20       mtep_left20
 0002:000537C8       mtep_less20
 0002:00054AD8       mtep_line20
 0002:00053610       mtep_list20
 0002:0005317C       mtep_lower20
 0002:0005AAE8       mtep_menu20
 0002:00051338       mtep_mirror20
 0002:000538B0       mtep_more20
 0002:00054F38       mtep_move20
 0002:0005328C       mtep_name20
 0002:00057D74       mtep_nav20
 0002:00055EE4       mtep_new20
 0002:00056D7C       mtep_newfolder20
 0002:00055E04       mtep_next20
 0002:00053E78       mtep_notes20
 0002:00055988       mtep_open20
 0002:00065484       mtep_options20
 0002:00055754       mtep_paste20
 0002:00054B7C       mtep_pen20
 0002:00053D7C       mtep_play20
 0002:00054C4C       mtep_pot20
 0002:00055D24       mtep_prev20
 0002:00056864       mtep_print20
 0002:00059414       mtep_programs20
 0002:000549E4       mtep_rect20
 0002:000573B4       mtep_redo20
 0002:00055B74       mtep_refresh20
 0002:000598DC       mtep_removable20
 0002:00053A94       mtep_rewind20
 0002:000526E8       mtep_right20
 0002:00050EC8       mtep_rotate20
 0002:00051100       mtep_rotateleft20
 0002:00051690       mtep_save20
 0002:000518C0       mtep_saveas20
 0002:000584C0       mtep_schemes20
 0002:000589C8       mtep_screen20
 0002:00057A0C       mtep_selectall20
 0002:0005621C       mtep_settings20
 0002:0005A704       mtep_solid20
 0002:0005A5E0       mtep_square20
 0002:0005A0F8       mtep_squircle20
 0002:00058F1C       mtep_startmenu20
 0002:00053998       mtep_stop20
 0002:00055174       mtep_swap20
 0002:0005ABBC       mtep_tick20
 0002:00052574       mtep_top20
 0002:0005A7B0       mtep_transparent20
 0002:000577F0       mtep_txt20
 0002:000571DC       mtep_undo20
 0002:0005AE20       mtep_untick20
 0002:00058130       mtep_upone20
 0002:00052FD0       mtep_upper20
 0002:000541C8       mtep_visual20
 0002:00052340       mtep_vol20
 0002:00056760       mtep_wrap20
 0002:000550B8       mtep_wraphorz20
 0002:00056C60       mtep_yes20
 0002:00056D64       mtep_yesBLANK20
 0002:00056A64       mtep_zoom20
 0002:0005A8AC       mtep__asis20
 0001:00110E28       mult64
 0001:001210A8       mundo__canredo
 0001:00120F38       mundo__canundo
 0001:00120C40       mundo__clear
 0001:00120994       mundo__finish
 0001:001207D0       mundo__init
 0001:001209F0       mundo__make
 0001:00120D1C       mundo__newslot
 0001:00121120       mundo__redo
 0001:00120E80       mundo__redoflush
 0001:00120AF4       mundo__split
 0001:00120934       mundo__start
 0001:001208A4       mundo__startsplit
 0001:00120F98       mundo__undo
 0001:000FB168       nav__add2
 0001:000FB46C       nav__date
 0001:000FB2A0       nav__end
 0001:000FB328       nav__get
 0001:000FB364       nav__get2
 0001:000FAF98       nav__info
 0001:000FB0B4       nav__init
 0001:000FB5A0       nav__list
 0001:000FB5C8       nav__list2
 0001:000FBA34       nav__list3
 0001:000FCE90       nav__proc
 0001:001155E0       need_gif
 0001:00115614       need_ico
 0001:001155AC       need_jpeg
 0001:001155A8       need_mm
 0001:000039BC       net__closeall
 0001:00003A18       net__closerec2
 0001:00003A20       net__closerec3
 0001:00003928       net__closesession
 0001:00003944       net__initrec
 0001:00121910       net____closesocket
 0001:00121908       net____WSACleanup
 0001:001156F0       nilarea
 0001:001156DC       nilrect
 0001:00115720       noarea
 0001:0010E468       nozero__int32
 0001:0010E598       nozero__sig
 0001:00109314       ntranslate
 0002:000883DC       Null
 0002:00088200       Output
 0002:0021B8BC       p4INT32
 0002:0021B940       p8CMP256
 0001:00001670       ParamStr
 0001:000C3594       pbm__fromdata
 0001:000C2E0C       pbm__todata3
 0001:00111C5C       pchar__strlen
 0001:000C291C       pgm__fromdata
 0001:000C2288       pgm__todata3
 0001:000B0124       playlist__addall
 0001:000AFF18       playlist__addone
 0001:000AFBE4       playlist__count
 0001:000AFC00       playlist__getone
 0001:000AFBDC       playlist__namelen
 0001:000AFBD4       playlist__namestart
 0001:000AFBC0       playlist__onelen
 0001:000AFBCC       playlist__titlestart
 0001:000B481C       png__fromdata
 0001:000B32C0       png__todata
 0001:000B32CC       png__todata2
 0001:000B3328       png__todata3
 0001:000B3AC0       png__todata4
 0001:000C3E58       pnm__fromdata
 0001:000C3A00       pnm__todata3
 0001:0011224C       pok
 0001:0002B9F0       pop_find
 0001:0002B968       pop_info
 0001:000DFD9C       ppMerge24FAST
 0001:000C1DF8       ppm__fromdata
 0001:000C1714       ppm__todata3
 0002:00086580       prgsettings
 0001:00107A00       printer__count
 0001:00107694       printer__default
 0001:001079F4       printer__have
 0001:0010771C       printer__init
 0002:000011F0       programbanner
 0002:000011F4       programbanner2
 0002:000253D0       programfile__12DAYS_MID
 0002:0002FAFC       programfile__2001_mid
 0002:00031E48       programfile__ABATAKEACHANCEONME_MID
 0002:00036034       programfile__AMINOR_MID
 0002:0004C1A4       programfile__bach_mid
 0002:00044690       programfile__Classical2_MID
 0002:00040BC4       programfile__Classical_MID
 0002:0003F2E0       programfile__CUM_ON_FEEL_THE_NOISE_MID
 0002:0003F7F8       programfile__Diva_mid
 0002:0003B1FC       programfile__D_2PRE_MID
 0002:0003CDBC       programfile__D_4INV_MID
 0002:00036888       programfile__HOTCAL_MID
 0002:0003AA44       programfile__ILLTAKEUHOMEAGAINKATHLEEN_MID
 0002:0000F9D0       programfile__JoanOfArc_mid
 0002:00045EE8       programfile__MAGGIE_MID
 0002:00024AD0       programfile__MARYS_MID
 0002:00048D80       programfile__ROCKIN_MID
 0002:000258BC       programfile__ROCK_MID
 0002:00023A08       programfile__Roses_Are_Red_mid
 0002:0004AC20       programfile__RRWALTZ_MID
 0002:000152C8       programfile__The_Pink_Panther_mid
 0002:00010E98       programfile__Titanic_mid
 0002:0001B35C       programfile__We_Are_The_Champions_mid
 0002:0002121C       programfile__We_Will_Rock_You_mid
 0001:001093F8       programname
 0001:00109444       programnewinstance
 0001:001094E0       programpaid
 0001:00109540       programpaid_store
 0001:001094BC       programslogan
 0001:0010941C       programwebname
 0002:000007E8       program_icon20h
 0002:000000AC       program_icon24h
 0002:00000D08       program_icon24hB
 0002:000011E8       program_icon24hC
 0002:000011EC       program_icon24hD
 0001:00109298       ptr__copy
 0001:00109290       ptr__shift
 0001:000016C8       Randomize
 0002:00088028       RandSeed
 0002:001F4FD0       ref65025_div_255
 0001:000DDEF4       ref_count
 0001:000DDE7C       ref_id
 0001:000DDF6C       ref_proc
 0001:000DDF30       ref_use
 0001:000DE280       ref_val0255
 0001:000DE0DC       ref_val32
 0001:000DDE04       ref_valid
 0001:000DE464       ref_valrange32
 0001:00002D00       RegisterModule
 0001:0012237C       reg__readval
 0001:00111ED0       restrict32
 0001:00111E38       restrict64
 0001:000DE880       rgba0__int
 0001:000DE898       rgba__int
 0001:001228A4       root__priority
 0001:001228B8       root__setpriority
 0001:00122904       root__settimeperiod
 0001:00122948       root__stoptimeperiod
 0001:001092A0       rthtranslate
 0001:00117708       runLOW
 0001:00025444       sbwp
 0001:00025418       sbwpok
 0001:0011241C       scn__canpaint
 0001:0011228C       scn__changed
 0001:00112414       scn__height
 0001:00112424       scn__paint
 0001:00112478       scn__settitle
 0001:00112404       scn__visible
 0001:0011240C       scn__width
 0001:0011245C       scn__windowcls
 0001:00112438       scn__windowsize
 0001:00122794       service__coderesponder3
 0001:00122694       service__makecodehandler2
 0001:00122820       service__sendstatus4
 0001:001225D8       service__start1
 0001:00019954       sfromname
 0001:0010E8BC       showbasic
 0001:0010E8C8       showbasic2
 0001:0010E954       showerror
 0001:0010E960       showerror2
 0001:0002BA2C       showerror8
 0001:0010E8B4       showtext
 0001:00021D1C       siCloseprompt
 0002:000862AC       sicloseprompting
 0002:000862B0       sicloseviapostDONE
 0001:00020FD8       sicolors
 0001:00020DDC       sicolors_find
 0001:00020DA8       sicolors_name
 0001:00022704       siFiltersettings
 0001:0001FAAC       sifindframe
 0001:000223F0       siFontname2_deffont
 0001:0001FCA0       siframes
 0001:0011628C       sign32
 0002:000862B4       sihalted
 0001:00021F4C       siLoadprgsettings
 0001:00021E10       siLoadsyssettings
 0001:000220A0       siLoadsyssettingsfrom
 0001:000223D0       siSaveallsettings
 0001:00022334       siSaveprgsettings
 0001:00022298       siSavesyssettings
 0001:00115EB4       smallest32
 0001:001161DC       smallest64
 0001:000DA9D4       sparkle__fill
 0001:000DAA28       sparkle__start
 0001:000DAA30       sparkle__stop
 0001:000DAA48       sparkle__uniquestart
 0001:00108E7C       splash__findvalue
 0001:0001F8D4       stableobj
 0002:000862D8       stlastschemedata
 0001:00115F14       strbol
 0001:00111B1C       strbyte1
 0001:0002BD10       strbyte1x
 0001:001118B8       strcopy0
 0001:001119B8       strcopy1
 0001:0002BC9C       strcopy1x
 0001:00116E80       strdec
 0001:00111B78       strdef
 0001:00111BB8       strdefb
 0001:00111AC4       strdel1
 0001:00115FAC       strint
 0001:00116214       strint32
 0001:0011629C       strint64
 0001:00110BA4       stripwhitespace
 0001:00110B08       stripwhitespace_lt
 0001:00110818       strlow
 0001:00110928       strmatch
 0001:00110930       strmatch2
 0001:001109D0       strmatch32
 0002:000862D0       stroffset
 0001:00111DE8       strtofloatex
 0001:001108A0       strup
 0001:0010C890       str__aadd
 0001:0010C454       str__add
 0001:0010C478       str__add3
 0001:0010C4B4       str__add31
 0001:0010C978       str__addbyt1
 0001:0010C9C8       str__addint4
 0001:0010C42C       str__addrec
 0001:0010C988       str__addsmi2
 0001:0010C9B0       str__addwrd2
 0001:0010B328       str__af
 0001:0010C768       str__as8
 0001:0010C78C       str__asame2
 0001:0010C7A0       str__asame3
 0001:0010B290       str__autofree
 0001:0010D3F4       str__byt1
 0001:0010CFF4       str__bytes0
 0001:0010D064       str__bytes1
 0001:0010D68C       str__c24
 0001:0010D714       str__c32
 0001:0010D620       str__c8
 0001:0010B804       str__clear
 0001:0010B7FC       str__free
 0001:0010DB14       str__fromb64
 0001:0010DB20       str__fromb642
 0001:0010C640       str__ins2
 0001:0010D544       str__int4
 0001:0010C740       str__is8
 0001:0010B3C0       str__len
 0001:0010B134       str__lock
 0001:0010B19C       str__lock2
 0001:0010B490       str__minlen
 0001:0010D334       str__movefrom
 0001:0010D220       str__moveto
 0001:0010B640       str__new8
 0001:0010B6D0       str__new8b
 0001:0010B688       str__new9
 0001:0010B750       str__newaf8
 0001:0010B7A0       str__newaf8b
 0001:0010B724       str__newlen8
 0001:0010B100       str__newsametype
 0001:0010DE9C       str__nextline0
 0001:0010B0C4       str__ok
 0001:0010C524       str__padd
 0001:0010CF88       str__pbytes0
 0001:0010C554       str__pins2
 0001:0010CBC0       str__sadd
 0001:0010CEC0       str__seekpos
 0001:0010D464       str__setbyt1
 0001:0010D140       str__setbytes0
 0001:0010D1B0       str__setbytes1
 0001:0010D5B4       str__setint4
 0001:0010B568       str__setlen
 0001:0010D0D4       str__setpbytes0
 0001:0010CF20       str__setseekpos
 0001:0010CC30       str__settext
 0001:0010CE50       str__sml2
 0001:0010CD04       str__str0
 0001:0010D7B0       str__tob642
 0001:0010D7C8       str__tob643
 0001:0010B248       str__uaf
 0001:0010B260       str__uaf2
 0001:0010B1C8       str__unlock
 0001:0010B230       str__unlockautofree
 0001:0010D4D4       str__wrd2
 0001:0010C9E0       str__writeto1
 0001:0010CAD0       str__writeto1b
 0002:000862D4       stschemedata
 0001:00111244       sub32
 0001:00110EC8       sub64
 0001:00110A94       swapchars
 0002:001E0E50       sysback_canadjust
 0002:001E1300       sysback_cancolorise
 0002:001E22A0       sysback_canfstep
 0002:001E2E58       sysback_canfwobble
 0002:001E1AD0       sysback_canhstep
 0002:001E2688       sysback_canhwobble
 0002:001E16E8       sysback_canspeed
 0002:001E0F18       sysback_canstrength
 0002:001E1EB8       sysback_canvstep
 0002:001E2A70       sysback_canvwobble
 0002:001E13C8       sysback_colorise
 0002:001E3560       sysback_coloriseDEF
 0002:00086504       sysback_count
 0002:001E0A68       sysback_datafromfile
 0002:001E0428       sysback_datafromptr
 0002:001E2368       sysback_fstep
 0002:001E41E0       sysback_fstepDEF
 0002:001E2F20       sysback_fwobble
 0002:001E4B40       sysback_fwobbleDEF
 0002:001E1B98       sysback_hstep
 0002:001E3BA0       sysback_hstepDEF
 0002:001E2750       sysback_hwobble
 0002:001E4500       sysback_hwobbleDEF
 0002:001E0D88       sysback_iscustom
 0002:001E0108       sysback_name
 0002:001E17B0       sysback_speed
 0002:001E3880       sysback_speedDEF
 0002:001E0FE0       sysback_strength
 0002:001E3240       sysback_strengthDEF
 0002:001E1F80       sysback_vstep
 0002:001E3EC0       sysback_vstepDEF
 0002:001E2B38       sysback_vwobble
 0002:001E4820       sysback_vwobbleDEF
 0001:00019800       sysback__canadjust
 0001:000187F4       sysback__clear
 0001:0001939C       sysback__enforcerange
 0001:00018B8C       sysback__findbyname
 0001:00018990       sysback__findnameid
 0001:0001960C       sysback__getval2
 0001:00019678       sysback__getval3
 0001:0001741C       sysback__init
 0001:00018C68       sysback__loadfrom
 0001:00019010       sysback__readvals
 0001:00018D20       sysback__saveto
 0001:000194D4       sysback__setval2
 0001:00019364       sysback__usedindex
 0001:00018DF8       sysback__writevals
 0002:0008658C       sysbox
 0002:00206B90       sysbyteid
 0002:00207040       sysbyteobj
 0002:002071D0       sysbytepos
 0002:00206B2C       sysbytestyle
 0002:00206D20       sysbytetime
 0002:00087A50       sysclicktime
 0002:0008653C       sysclose_count
 0002:0008648C       syscode
 0002:000865C4       sysdic_id
 0002:000865C0       sysdic_idref
 0002:000865A8       sysdic_main
 0002:000865B4       sysdic_main_use
 0002:000865AC       sysdic_sup1
 0002:000865B8       sysdic_sup1_use
 0002:000865B0       sysdic_sup2
 0002:000865BC       sysdic_sup2_use
 0002:00086600       sysdlg_popcolor_color
 0002:00086604       sysdlg_popcolor_page
 0002:00087A70       sysdowntime
 0002:0008656C       sysfast_blaiz
 0002:00086564       sysfast_desktop
 0002:00086568       sysfast_programs
 0002:00086554       sysfast_root
 0002:0008655C       sysfast_schemes
 0002:00086558       sysfast_settings
 0002:00086560       sysfast_startmenu
 0002:0008651C       sysfile_background
 0002:00086520       sysfile_background_openfilter
 0002:00086508       sysfile_colorscheme
 0002:00086514       sysfile_cursor
 0002:00086518       sysfile_cursor_openfilter
 0002:0008650C       sysfile_teaimg
 0002:00086510       sysfile_teaimg_openfilter
 0002:000864FC       sysfind_cmd
 0002:00086500       sysfind_dlgshowing
 0002:000864F4       sysfind_handler
 0002:000864F8       sysfind_text
 0002:00086530       sysflash
 0002:00086534       sysflash_timer
 0002:001DE614       sysfont_avew
 0002:001DE394       sysfont_data
 0002:001DE434       sysfont_dref
 0002:001DE754       sysfont_maxw
 0002:001DE6B4       sysfont_minw
 0002:001DE4D4       sysfont_time
 0001:00001098       SysFreeMem
 0001:00000F10       SysGetMem
 0002:0000C9B8       syshelp
 0002:00086608       syshis_last
 0002:001E65D0       syshis_nam
 0002:001EA4F0       syshis_ref1
 0002:001EE370       syshis_ref2
 0002:001E6670       syshis_val
 0001:00003650       SysInit
 0002:002064E8       sysintid
 0002:00206998       sysintobj
 0002:00206B28       sysintpos
 0002:00206484       sysintstyle
 0002:00206678       sysinttime
 0002:00087A48       syskeytime
 0002:0021B440       sysleak_counter
 0002:0021B3C8       sysleak_label
 0002:0021B4B8       sysleak_show
 0002:0020F848       sysleak_start
 0002:00215608       sysleak_stop
 0002:001E4E60       syslist
 0002:00086570       syslist_tep20
 0002:001DE894       sysmenu_hover
 0002:001DE7F4       sysmenu_name
 0002:001DE844       sysmenu_pos
 0002:001DE984       sysmenu_ref64
 0002:001DE934       sysmenu_selcount
 0002:001DE8E4       sysmenu_selstart
 0002:00086588       sysmore
 0002:00086468       sysmouse_down
 0002:00086458       sysmouse_downxy
 0002:00086454       sysmouse_fine
 0002:00086460       sysmouse_movexy
 0002:00087A58       sysmovetime
 0002:00087A60       sysmovetime_global
 0002:00087A68       sysmovetime_globalx
 0002:00087A6C       sysmovetime_globaly
 0002:00086484       sysnewid
 0002:00086488       sysnewid1
 0002:00086480       sysnewnameid
 0001:0005494C       sysprogram
 0001:00054960       sysprogram_monitorindex
 0001:0000140C       SysReallocMem
 0002:0008657C       syssettings
 0001:00003438       System
 0002:0008795C       systemmessage__mm_wom_done
 0002:000864D4       system_blackwhitecount
 0002:000879B8       system_boot
 0002:000879C0       system_boot_date
 0002:00086470       system_clipcursor_active
 0002:000864F0       system_colorcount
 0002:001DF2F8       system_colordata
 0002:001DEE48       system_colorname
 0002:001DFC58       system_colorval1
 0002:001DEA24       system_cursor
 0002:0008646C       system_cursorchanged
 0002:00086594       system_cursorcolor1
 0002:00086598       system_cursorcolor2
 0002:001DEA2C       system_cursorlist
 0002:00086590       system_cursorname
 0002:001DEA28       system_cursorREF
 0002:000865A0       system_cursorref64
 0002:0008659C       system_cursorsize
 0002:000878D0       system_dayOfweek
 0002:000878EC       system_dayOfweek_abrv
 0002:00087AE4       system_debugPaintcount
 0002:00087AEC       system_debugPainttime
 0002:001DEA38       system_debugrows
 0002:0008647C       system_debugrows_count
 0002:00087AF4       system_debug_str1
 0002:00087AF8       system_debug_str2
 0002:000864B0       system_defaultcolors
 0002:002071D4       system_default_ai
 0002:001DE338       system_default_ai
 0002:000879C8       system_ecomode_pause
 0002:00087994       system_eventdriven
 0002:0008704C       system_filecache_active
 0002:00087048       system_filecache_count
 0002:00087040       system_filecache_filecount
 0002:00087034       system_filecache_limit
 0002:00209934       system_filecache_slot
 0002:00087038       system_filecache_timer
 0002:000879AC       system_firsttimer
 0002:00087A00       system_fontlist_printer
 0002:000879FC       system_fontlist_screen
 0002:001DECB8       system_framecode
 0002:000864EC       system_framecount
 0002:001DEB28       system_framename
 0002:00086478       system_guiactive
 0002:00086474       system_guifirst
 0002:00087ABC       system_ia_useroptions_suppress_all
 0002:00087AC0       system_ia_useroptions_suppress_masklist
 0002:000864A8       system_instanceid
 0002:000864AC       system_instanceidREF
 0002:000D66B4       system_ipsec_slot
 0002:000879B0       system_lasttimer
 0002:00087A34       system_line_str
 0002:001DEB00       system_list
 0002:0004CCA0       system_log_cache
 0002:0004CCA4       system_log_cachetime
 0002:0004CC98       system_log_datename
 0002:0004CC90       system_log_folder
 0002:0004CCB0       system_log_gmtnowstr
 0002:0004CCAC       system_log_gmtoffset
 0002:0004CC94       system_log_name
 0002:0004CC9C       system_log_safename
 0002:00087A18       system_message_count
 0002:0008798C       system_min32_val
 0002:00234DA0       system_monitors_area
 0002:00087ADC       system_monitors_count
 0002:00087AC4       system_monitors_dpiAwareV2
 0002:00087ACC       system_monitors_EnumDisplayMonitors
 0002:00087AD4       system_monitors_GetDpiForMonitor
 0002:00087AD0       system_monitors_GetMonitorInfoA
 0002:00234C10       system_monitors_hmonitor
 0002:00087AC8       system_monitors_init
 0002:00235A20       system_monitors_primary
 0002:00087AE0       system_monitors_primaryindex
 0002:00235A84       system_monitors_scale
 0002:00087AD8       system_monitors_SetLayeredWindowAttributes
 0002:00235C14       system_monitors_totalarea
 0002:00235C24       system_monitors_totalworkarea
 0002:002353E0       system_monitors_workarea
 0002:00087870       system_month
 0002:000878A0       system_month_abrv
 0002:00087978       system_ms64_init
 0002:0008797C       system_ms64_last
 0002:00087984       system_ms64_offset
 0002:00086494       system_mustalign
 0002:000879A0       system_musthalt
 0002:00086498       system_mustid
 0002:0008649C       system_mustidSLOW
 0002:00086490       system_mustpaint
 0002:0004CC88       system_net_count
 0002:0004CC84       system_net_session
 0002:000884B4       system_net_slot
 0002:0004CC8C       system_net_sock
 0002:000879B4       system_nographics
 0002:000864B4       system_onshowoptions1
 0002:000864BC       system_onshowoptions2
 0002:000864CC       system_onshowoptionsCLOSEDELAY
 0002:000864D0       system_onshowoptionsINITPAGENAME
 0002:000864C8       system_onshowoptionsNEWHEIGHT
 0002:000864C4       system_onshowoptionsNEWWIDTH
 0002:00086528       system_options_pos1
 0002:00086524       system_options_str1
 0002:000879DC       system_osbuild
 0002:000879D0       system_osid
 0002:000879D4       system_osmajver
 0002:000879D8       system_osminver
 0002:000879E0       system_osstr
 0002:000879E4       system_osWin98
 0002:00087AB8       system_paid
 0002:00086578       system_patchcornerh
 0002:00086574       system_patchcornerw
 0002:000879A4       system_pause
 0002:001E4F00       system_plus0
 0002:001E4F04       system_plus1
 0002:001E4F08       system_plus2
 0002:001E4F0C       system_plus3
 0002:001E4F10       system_plus4
 0002:001E4F14       system_plus5
 0002:001E4F18       system_plus6
 0002:001E4F1C       system_plus7
 0002:001E4F20       system_plus8
 0002:001E4F24       system_plus9
 0002:000879F0       system_printerattr
 0002:000879E8       system_printerlist
 0002:000879EC       system_printerserv
 0002:000879F4       system_printer_devicetimeout
 0002:000879F8       system_printer_retrytimeout
 0002:000864A0       system_program
 0002:000864DC       system_realtime64
 0002:000864E4       system_realtime642
 0002:000864D8       system_realtimeSYNCING
 0002:00087998       system_runstyle
 0002:00087A20       system_scn_height
 0002:0021C17C       system_scn_lines
 0002:00087A28       system_scn_mustpaint
 0002:00087A24       system_scn_ref
 0002:00087A30       system_scn_ref1
 0002:00087A2C       system_scn_visible
 0002:00087A1C       system_scn_width
 0002:0008665C       system_screenlogpixels
 0002:0021C148       system_servicestatus
 0002:000879A8       system_servicestatush
 0002:0021C164       system_servicetable
 0002:00087A04       system_settings
 0002:00087A10       system_settings_filt
 0002:00087A0C       system_settings_load
 0002:00087A08       system_settings_ref
 0002:00086668       system_sparklecount
 0002:0020721C       system_sparklelist
 0002:00086660       system_sparklepos
 0002:00086664       system_sparkleref
 0002:00087940       system_started
 0002:00087030       system_started
 0002:0008660C       system_started
 0002:0004CC80       system_started
 0002:00086658       system_started
 0002:00087BF4       system_started
 0002:000862A8       system_started
 0002:0008799C       system_state
 0002:0021C26C       system_stdin
 0002:00087AB4       system_storeapp
 0002:00087A38       system_timeperiod
 0002:00087A80       system_timer1
 0002:00087A88       system_timer2
 0002:00087A90       system_timer3
 0002:00087A98       system_timer4
 0002:00087AA0       system_timer5
 0002:00087AA8       system_timer500
 0002:00087A3C       system_turbo
 0002:00087A40       system_turboref
 0002:000864A4       system_winepresent
 0002:00087A14       system_wproc
 0002:00087C04       system_xbox_deadzone
 0002:00087BFC       system_xbox_getstate
 0002:00236268       system_xbox_idleref
 0002:00087C0C       system_xbox_idletime
 0002:00087BF8       system_xbox_init
 0002:0023641C       system_xbox_input_allowed
 0002:002363C0       system_xbox_input_labels
 0002:00236280       system_xbox_keyboard
 0002:00087C3C       system_xbox_keyboard_invertx
 0002:00087C38       system_xbox_keyboard_inverty
 0002:00236320       system_xbox_mouse
 0002:00087C14       system_xbox_mouseref
 0002:00087C18       system_xbox_mousetimeref
 0002:00087C44       system_xbox_mouse_invertx
 0002:00087C40       system_xbox_mouse_inverty
 0002:00087C48       system_xbox_mouse_swapbuttons
 0002:00087C28       system_xbox_nativecontroller_invertx
 0002:00087C24       system_xbox_nativecontroller_inverty
 0002:00087C34       system_xbox_nativecontroller_swapbumpers
 0002:00087C2C       system_xbox_nativecontroller_swapjoysticks
 0002:00087C30       system_xbox_nativecontroller_swaptriggers
 0002:00235C38       system_xbox_retryref64
 0002:00087C00       system_xbox_setstate
 0002:00236250       system_xbox_setstatelist
 0002:00235C68       system_xbox_statelist
 0002:00087C20       system_xbox_suspend_all_inversions
 0001:00054CC4       system__exclude
 0001:00054D98       system__findbyformhandle
 0001:00054C78       system__include
 0001:00054C50       system__setontop
 0001:00054CF4       system__sync
 0001:0005509C       system__windowproc
 0002:0021C570       systhread_buffer
 0002:0021C4D0       systhread_bufferid
 0002:0021C4F8       systhread_bufferid2
 0002:0021C548       systhread_bufferlen
 0002:0021C520       systhread_cmd
 0002:0021C340       systhread_fast64
 0002:0021C294       systhread_handle
 0002:0021C2BC       systhread_id
 0002:00087AB0       systhread_initall
 0002:0021C390       systhread_lag
 0002:0021C430       systhread_lagref
 0002:0021C3E0       systhread_lastlag
 0002:0021C288       systhread_muststop
 0002:0021C27C       systhread_ready
 0002:0021C480       systhread_ref1000
 0002:0021C270       systhread_running
 0002:0021C2E4       systhread_timerid
 0002:0021C30C       systhread_timerms
 0002:0021C334       systhread_usingtimer
 0001:0010BC80       systhread__canstop
 0001:0010BD34       systhread__fast
 0001:0010B8C8       systhread__initall
 0001:0010C19C       systhread__mustreply
 0001:0010BEB0       systhread__push
 0001:0010C074       systhread__pushfinish
 0001:0010BF3C       systhread__pushstart
 0001:0010C280       systhread__reply
 0001:0010BD74       systhread__setfast
 0001:0010C3A4       systhread__slotOK
 0001:0010BA48       systhread__start
 0001:0010BCA8       systhread__stop
 0001:0010BCC0       systhread__stopall
 0001:0010C3B4       systhread__stoptimer
 0001:0010BDB0       systhread__synclag
 0001:0010C388       systhread__timerproc
 0002:000865D0       systimer1000
 0002:000865C8       systimer64
 0002:000865E0       systimerLAG
 0002:000865F8       systimerlagref
 0002:000865F0       systimerlastlag
 0002:000865E8       systimerlasttick
 0002:000865D8       systimerTICK
 0002:001E5888       systimer_busy
 0002:001E5950       systimer_delay
 0002:00086540       systimer_enabled
 0002:001E5248       systimer_event
 0002:001E4F28       systimer_owner
 0002:001E5F90       systimer_ref64
 0002:002062F0       systmpbmp
 0002:00205E40       systmpid
 0002:00206480       systmppos
 0002:00205DDC       systmpstyle
 0002:00205FD0       systmptime
 0002:00087AFC       systrack_backupcount
 0002:00086544       syswait_focus
 0002:00087A78       syswheeltime
 0002:0021B4BC       sys_crc32
 0002:00087990       sys_initcrc32
 0002:0008652C       sys_sndvol32
 0001:00005310       tapp.create
 0001:00007434       tapp.destroy
 0001:000081F4       tapp.getshowplaylist
 0001:00008228       tapp.setshowplaylist
 0001:0000D750       tapp.__ontimer
 0001:000B039C       taudiobasic.wkAdjustVolume
 0001:000B0860       taudiobasic.wkMaxV
 0001:0005628C       tbackgroundmanager.canadjust
 0001:00056630       tbackgroundmanager.canclearimage
 0001:0005637C       tbackgroundmanager.canpasteimage
 0001:000564C0       tbackgroundmanager.canselectimage
 0001:000566C4       tbackgroundmanager.clearimage
[...]
 0002:00086374       vihint
 0002:00086378       viontop
 0002:0008637C       vihelp_bw
 0002:00086380       vihelp_show
 0002:00086384       vihelp_max
 0002:00086388       viecomode
 0002:0008638C       virows
 0002:00086390       vi32bit
 0002:00086394       viemboss
 0002:00086398       vistartlink
 0002:0008639C       videsktoplink
 0002:000863A0       vistartuplink
 0002:000863A4       vistartstyle
 0002:000863A8       vispecialcolors
 0002:000863AC       vicolorname
 0002:000863B0       visparkle
 0002:000863B4       vibrightness
 0002:000863B8       visafestrength
 0002:000863BC       vimaintainhighlight
 0002:000863C0       viminimiseeffect
 0002:000863C4       vibordersize__temp
 0002:000863C8       vibordersize__root
 0002:000863CC       vibordersize
 0002:000863D0       vifocusedopacity
 0002:000863D4       viunfocusedopacity
 0002:000863D8       viopacityspeed
 0002:000863DC       viLockposition
 0002:000863E0       viWinemode
 0002:000863E4       viWine
 0002:000863E8       vimodern
 0002:000863EC       visleekHead
 0002:000863F0       visleekAssitedscroll
 0002:000863F4       visleekHighlight
 0002:000863F8       visleekHeadtext
 0002:000863FC       visleekImages
 0002:00086400       visleekGradient
 0002:00086404       viStartupdone
 0002:00086408       viMaster
 0002:0008640C       vimididevice
 0002:00086410       vimidideviceNEW
 0002:00086414       viwavedevice
 0002:00086418       viwavedeviceNEW
 0002:0008641C       viframename
 0002:00086420       viframeCODE
 0002:00086424       viframeID
 0002:00086428       viFrameminsize
 0002:0008642C       vibackname
 0002:00086430       visyncevent
 0002:00086438       viheadcenter
 0002:0008643C       viheadalign
 0002:00086440       debug_junk1
 0002:00086444       debug_basicdebug_areacheck
 0002:00086448       debug_basicdebug_areafail_count
 0002:0008644C       debug_basicdebug_areaoverlap_count
 0002:00086450       debug_basicdebug_int1
 0002:00086454       sysmouse_fine
 0002:00086458       sysmouse_downxy
 0002:00086460       sysmouse_movexy
 0002:00086468       sysmouse_down
 0002:0008646C       system_cursorchanged
 0002:00086470       system_clipcursor_active
 0002:00086474       system_guifirst
 0002:00086478       system_guiactive
 0002:0008647C       system_debugrows_count
 0002:00086480       sysnewnameid
 0002:00086484       sysnewid
 0002:00086488       sysnewid1
 0002:0008648C       syscode
 0002:00086490       system_mustpaint
 0002:00086494       system_mustalign
 0002:00086498       system_mustid
 0002:0008649C       system_mustidSLOW
 0002:000864A0       system_program
 0002:000864A4       system_winepresent
 0002:000864A8       system_instanceid
 0002:000864AC       system_instanceidREF
 0002:000864B0       system_defaultcolors
 0002:000864B4       system_onshowoptions1
 0002:000864BC       system_onshowoptions2
 0002:000864C4       system_onshowoptionsNEWWIDTH
 0002:000864C8       system_onshowoptionsNEWHEIGHT
 0002:000864CC       system_onshowoptionsCLOSEDELAY
 0002:000864D0       system_onshowoptionsINITPAGENAME
 0002:000864D4       system_blackwhitecount
 0002:000864D8       system_realtimeSYNCING
 0002:000864DC       system_realtime64
 0002:000864E4       system_realtime642
 0002:000864EC       system_framecount
 0002:000864F0       system_colorcount
 0002:000864F4       sysfind_handler
 0002:000864F8       sysfind_text
 0002:000864FC       sysfind_cmd
 0002:00086500       sysfind_dlgshowing
 0002:00086504       sysback_count
 0002:00086508       sysfile_colorscheme
 0002:0008650C       sysfile_teaimg
 0002:00086510       sysfile_teaimg_openfilter
 0002:00086514       sysfile_cursor
 0002:00086518       sysfile_cursor_openfilter
 0002:0008651C       sysfile_background
 0002:00086520       sysfile_background_openfilter
 0002:00086524       system_options_str1
 0002:00086528       system_options_pos1
 0002:0008652C       sys_sndvol32
 0002:00086530       sysflash
 0002:00086534       sysflash_timer
 0002:0008653C       sysclose_count
 0002:00086540       systimer_enabled
 0002:00086544       syswait_focus
 0002:00086548       cf_png
 0002:0008654C       cf_bwd
 0002:00086550       cf_bwp
 0002:00086554       sysfast_root
 0002:00086558       sysfast_settings
 0002:0008655C       sysfast_schemes
 0002:00086560       sysfast_startmenu
 0002:00086564       sysfast_desktop
 0002:00086568       sysfast_programs
 0002:0008656C       sysfast_blaiz
 0002:00086570       syslist_tep20
 0002:00086574       system_patchcornerw
 0002:00086578       system_patchcornerh
 0002:0008657C       syssettings
 0002:00086580       prgsettings
 0002:00086584       usrdata
 0002:00086588       sysmore
 0002:0008658C       sysbox
 0002:00086590       system_cursorname
 0002:00086594       system_cursorcolor1
 0002:00086598       system_cursorcolor2
 0002:0008659C       system_cursorsize
 0002:000865A0       system_cursorref64
 0002:000865A8       sysdic_main
 0002:000865AC       sysdic_sup1
 0002:000865B0       sysdic_sup2
 0002:000865B4       sysdic_main_use
 0002:000865B8       sysdic_sup1_use
 0002:000865BC       sysdic_sup2_use
 0002:000865C0       sysdic_idref
 0002:000865C4       sysdic_id
 0002:000865C8       systimer64
 0002:000865D0       systimer1000
 0002:000865D8       systimerTICK
 0002:000865E0       systimerLAG
 0002:000865E8       systimerlasttick
 0002:000865F0       systimerlastlag
 0002:000865F8       systimerlagref
 0002:00086600       sysdlg_popcolor_color
 0002:00086604       sysdlg_popcolor_page
 0002:00086608       syshis_last
 0002:0008660C       system_started
 0002:00086610       mmsys_midi
 0002:00086614       mmsys_chimes
 0002:00086618       mmsys_wave
 0002:0008661C       mmsys_mm
 0002:00086620       mmsys_mode
 0002:00086624       mmsys_mid_devicetime
 0002:0008662C       mmsys_mid_devicecount
 0002:00086630       mmsys_mid_basevol
 0002:00086634       mmsys_mid_enhanced
 0002:00086638       mmsys_wav_devicetime
 0002:00086640       mmsys_wav_devicecount
 0002:00086644       mmsys_mm_lastfilename
 0002:00086648       mmsys_mm_lastsize
 0002:00086650       mmsys_mm_lastpos
 0002:00086654       mmsys_mm_lastlen
 0002:00086658       system_started
 0002:0008665C       system_screenlogpixels
 0002:00086660       system_sparklepos
 0002:00086664       system_sparkleref
 0002:00086668       system_sparklecount
 0002:00087030       system_started
 0002:00087034       system_filecache_limit
 0002:00087038       system_filecache_timer
 0002:00087040       system_filecache_filecount
 0002:00087048       system_filecache_count
 0002:0008704C       system_filecache_active
 0002:00087050       intdisk_inuse
 0002:00087054       intdisk_char
 0002:00087058       intdisk_label
 0002:00087728       globaloverride_incSIZE
 0002:0008772C       base64
 0002:00087770       base64r
 0002:00087870       system_month
 0002:000878A0       system_month_abrv
 0002:000878D0       system_dayOfweek
 0002:000878EC       system_dayOfweek_abrv
 0002:00087908       date__FMSecsPerDay
 0002:0008790C       date__IMSecsPerDay
 0002:00087910       date__monthdays
 0002:00087940       system_started
 0002:00087944       gui__initing
 0002:00087948       gui__running
 0002:0008794C       gui__closing
 0002:00087950       app__closeinited
 0002:00087954       app__closepaused
 0002:00087958       info_mode
 0002:0008795C       systemmessage__mm_wom_done
 0002:00087964       track_lastcreate
 0002:00087968       track_lastdestroy
 0002:0008796C       track_bytes
 0002:00087974       track_total
 0002:00087978       system_ms64_init
 0002:0008797C       system_ms64_last
 0002:00087984       system_ms64_offset
 0002:0008798C       system_min32_val
 0002:00087990       sys_initcrc32
 0002:00087994       system_eventdriven
 0002:00087998       system_runstyle
 0002:0008799C       system_state
 0002:000879A0       system_musthalt
 0002:000879A4       system_pause
 0002:000879A8       system_servicestatush
 0002:000879AC       system_firsttimer
 0002:000879B0       system_lasttimer
 0002:000879B4       system_nographics
 0002:000879B8       system_boot
 0002:000879C0       system_boot_date
 0002:000879C8       system_ecomode_pause
 0002:000879D0       system_osid
 0002:000879D4       system_osmajver
 0002:000879D8       system_osminver
 0002:000879DC       system_osbuild
 0002:000879E0       system_osstr
 0002:000879E4       system_osWin98
 0002:000879E8       system_printerlist
 0002:000879EC       system_printerserv
 0002:000879F0       system_printerattr
 0002:000879F4       system_printer_devicetimeout
 0002:000879F8       system_printer_retrytimeout
 0002:000879FC       system_fontlist_screen
 0002:00087A00       system_fontlist_printer
 0002:00087A04       system_settings
 0002:00087A08       system_settings_ref
 0002:00087A0C       system_settings_load
 0002:00087A10       system_settings_filt
 0002:00087A14       system_wproc
 0002:00087A18       system_message_count
 0002:00087A1C       system_scn_width
 0002:00087A20       system_scn_height
 0002:00087A24       system_scn_ref
 0002:00087A28       system_scn_mustpaint
 0002:00087A2C       system_scn_visible
 0002:00087A30       system_scn_ref1
 0002:00087A34       system_line_str
 0002:00087A38       system_timeperiod
 0002:00087A3C       system_turbo
 0002:00087A40       system_turboref
 0002:00087A48       syskeytime
 0002:00087A50       sysclicktime
 0002:00087A58       sysmovetime
 0002:00087A60       sysmovetime_global
 0002:00087A68       sysmovetime_globalx
 0002:00087A6C       sysmovetime_globaly
 0002:00087A70       sysdowntime
 0002:00087A78       syswheeltime
 0002:00087A80       system_timer1
 0002:00087A88       system_timer2
 0002:00087A90       system_timer3
 0002:00087A98       system_timer4
 0002:00087AA0       system_timer5
 0002:00087AA8       system_timer500
 0002:00087AB0       systhread_initall
 0002:00087AB4       system_storeapp
 0002:00087AB8       system_paid
 0002:00087ABC       system_ia_useroptions_suppress_all
 0002:00087AC0       system_ia_useroptions_suppress_masklist
 0002:00087AC4       system_monitors_dpiAwareV2
 0002:00087AC8       system_monitors_init
 0002:00087ACC       system_monitors_EnumDisplayMonitors
 0002:00087AD0       system_monitors_GetMonitorInfoA
 0002:00087AD4       system_monitors_GetDpiForMonitor
 0002:00087AD8       system_monitors_SetLayeredWindowAttributes
 0002:00087ADC       system_monitors_count
 0002:00087AE0       system_monitors_primaryindex
 0002:00087AE4       system_debugPaintcount
 0002:00087AEC       system_debugPainttime
 0002:00087AF4       system_debug_str1
 0002:00087AF8       system_debug_str2
 0002:00087AFC       systrack_backupcount
 0002:00087BE4       CLSID_ShellLink
 0002:00087BF4       system_started
 0002:00087BF8       system_xbox_init
 0002:00087BFC       system_xbox_getstate
 0002:00087C00       system_xbox_setstate
 0002:00087C04       system_xbox_deadzone
 0002:00087C0C       system_xbox_idletime
 0002:00087C14       system_xbox_mouseref
 0002:00087C18       system_xbox_mousetimeref
 0002:00087C20       system_xbox_suspend_all_inversions
 0002:00087C24       system_xbox_nativecontroller_inverty
 0002:00087C28       system_xbox_nativecontroller_invertx
 0002:00087C2C       system_xbox_nativecontroller_swapjoysticks
 0002:00087C30       system_xbox_nativecontroller_swaptriggers
 0002:00087C34       system_xbox_nativecontroller_swapbumpers
 0002:00087C38       system_xbox_keyboard_inverty
 0002:00087C3C       system_xbox_keyboard_invertx
 0002:00087C40       system_xbox_mouse_inverty
 0002:00087C44       system_xbox_mouse_invertx
 0002:00087C48       system_xbox_mouse_swapbuttons
 0002:00087C4C       dwin____GetDefaultPrinter_state
 0002:00087C50       dwin____GetDefaultPrinter_proc
 0002:00087C54       dwin____EnumPrinters_state
 0002:00087C58       dwin____EnumPrinters_proc
 0002:00087C5C       game_endpaintref
 0002:00087C60       game_ver
 0002:00087C64       game_cursormoveref
 0002:00087C68       game_speedtest_ref
 0002:00088000       ExceptProc
 0002:00088004       ErrorProc
 0002:00088008       ExceptObjProc
 0002:0008800C       MainInstance
 0002:00088010       IsLibrary
 0002:00088014       CmdShow
 0002:00088018       CmdLine
 0002:0008801C       ExitCode
 0002:00088020       ExitProc
 0002:00088024       ErrorAddr
 0002:00088028       RandSeed
 0002:0008802C       IsConsole
 0002:0008802D       IsMultiThread
 0002:0008802E       FileMode
 0002:0008802F       Test8086
 0002:00088030       Test8087
 0002:00088031       TestFDIV
 0002:00088034       Input
 0002:00088200       Output
 0002:000883CC       Unassigned
 0002:000883DC       Null
 0002:000883EC       AllocMemCount
 0002:000883F0       AllocMemSize
 0002:00088498       ModuleIsLib
 0002:0008849C       TlsIndex
 0002:000884A4       HInstance
 0002:000884B4       system_net_slot
 0002:000D66B4       system_ipsec_slot
 0002:001DE1E8       vinormal
 0002:001DE27C       vititle
 0002:001DE310       vimorecolors
 0002:001DE328       debug_basicdebug_area
 0002:001DE338       system_default_ai
 0002:001DE380       tsBytes
 0002:001DE384       tsB
 0002:001DE388       tsKB
 0002:001DE38C       tsMB
 0002:001DE390       tsGB
 0002:001DE394       sysfont_data
 0002:001DE434       sysfont_dref
 0002:001DE4D4       sysfont_time
 0002:001DE614       sysfont_avew
 0002:001DE6B4       sysfont_minw
 0002:001DE754       sysfont_maxw
 0002:001DE7F4       sysmenu_name
 0002:001DE844       sysmenu_pos
 0002:001DE894       sysmenu_hover
 0002:001DE8E4       sysmenu_selstart
 0002:001DE934       sysmenu_selcount
 0002:001DE984       sysmenu_ref64
 0002:001DEA24       system_cursor
 0002:001DEA28       system_cursorREF
 0002:001DEA2C       system_cursorlist
 0002:001DEA38       system_debugrows
 0002:001DEB00       system_list
 0002:001DEB28       system_framename
 0002:001DECB8       system_framecode
 0002:001DEE48       system_colorname
 0002:001DF2F8       system_colordata
 0002:001DFC58       system_colorval1
 0002:001E0108       sysback_name
 0002:001E0428       sysback_datafromptr
 0002:001E0A68       sysback_datafromfile
 0002:001E0D88       sysback_iscustom
 0002:001E0E50       sysback_canadjust
 0002:001E0F18       sysback_canstrength
 0002:001E0FE0       sysback_strength
 0002:001E1300       sysback_cancolorise
 0002:001E13C8       sysback_colorise
 0002:001E16E8       sysback_canspeed
 0002:001E17B0       sysback_speed
 0002:001E1AD0       sysback_canhstep
 0002:001E1B98       sysback_hstep
 0002:001E1EB8       sysback_canvstep
 0002:001E1F80       sysback_vstep
 0002:001E22A0       sysback_canfstep
 0002:001E2368       sysback_fstep
 0002:001E2688       sysback_canhwobble
 0002:001E2750       sysback_hwobble
 0002:001E2A70       sysback_canvwobble
 0002:001E2B38       sysback_vwobble
 0002:001E2E58       sysback_canfwobble
 0002:001E2F20       sysback_fwobble
 0002:001E3240       sysback_strengthDEF
 0002:001E3560       sysback_coloriseDEF
 0002:001E3880       sysback_speedDEF
 0002:001E3BA0       sysback_hstepDEF
 0002:001E3EC0       sysback_vstepDEF
 0002:001E41E0       sysback_fstepDEF
 0002:001E4500       sysback_hwobbleDEF
 0002:001E4820       sysback_vwobbleDEF
 0002:001E4B40       sysback_fwobbleDEF
 0002:001E4E60       syslist
 0002:001E4F00       system_plus0
 0002:001E4F04       system_plus1
 0002:001E4F08       system_plus2
 0002:001E4F0C       system_plus3
 0002:001E4F10       system_plus4
 0002:001E4F14       system_plus5
 0002:001E4F18       system_plus6
 0002:001E4F1C       system_plus7
 0002:001E4F20       system_plus8
 0002:001E4F24       system_plus9
 0002:001E4F28       systimer_owner
 0002:001E5248       systimer_event
 0002:001E5888       systimer_busy
 0002:001E5950       systimer_delay
 0002:001E5F90       systimer_ref64
 0002:001E65D0       syshis_nam
 0002:001E6670       syshis_val
 0002:001EA4F0       syshis_ref1
 0002:001EE370       syshis_ref2
 0002:001F21F4       mmsys_mid_deviceok
 0002:001F2200       mmsys_mid_devicename
 0002:001F222C       mmsys_mid_dataref
 0002:001F2230       mmsys_mid_ref
 0002:001F2234       mmsys_mid_notesref
 0002:001F2238       mmsys_mid_chref
 0002:001F2278       mmsys_mid_noteref
 0002:001F2678       mmsys_mid_notevol
 0002:001F3678       mmsys_mid_notevolOUT
 0002:001F4678       mmsys_mid_notecount
 0002:001F4A78       mmsys_mid_mutech
 0002:001F4A88       mmsys_mid_mutenote
 0002:001F4B88       mmsys_mid_mutetrack
 0002:001F4D88       mmsys_mid_mutetrack_hasvol
 0002:001F4F88       mmsys_mid_msgoutcount
 0002:001F4F8C       mmsys_mid_msgout
 0002:001F4F90       mmsys_mid_msgflush
 0002:001F4F94       mmsys_wav_deviceok
 0002:001F4FA0       mmsys_wav_devicename
 0002:001F4FD0       ref65025_div_255
 0002:00204DD4       fb255
 0002:002055D8       fbwrap255
 0002:00205DDC       systmpstyle
 0002:00205E40       systmpid
 0002:00205FD0       systmptime
 0002:002062F0       systmpbmp
 0002:00206480       systmppos
 0002:00206484       sysintstyle
 0002:002064E8       sysintid
 0002:00206678       sysinttime
 0002:00206998       sysintobj
 0002:00206B28       sysintpos
 0002:00206B2C       sysbytestyle
 0002:00206B90       sysbyteid
 0002:00206D20       sysbytetime
 0002:00207040       sysbyteobj
 0002:002071D0       sysbytepos
 0002:002071D4       system_default_ai
 0002:0020721C       system_sparklelist
 0002:00209934       system_filecache_slot
 0002:0020C1D4       intdisk_name
 0002:0020C4F4       intdisk_data
 0002:0020C814       intdisk_date
 0002:0020CE54       intdisk_readonly
 0002:0020E8A8       track_active
 0002:0020EBC8       track_create
 0002:0020EEE8       track_destroy
 0002:0020F208       track_ratec
 0002:0020F528       track_rated
 0002:0020F848       sysleak_start
 0002:00215608       sysleak_stop
 0002:0021B3C8       sysleak_label
 0002:0021B440       sysleak_counter
 0002:0021B4B8       sysleak_show
 0002:0021B4BC       sys_crc32
 0002:0021B8BC       p4INT32
 0002:0021B940       p8CMP256
 0002:0021C148       system_servicestatus
 0002:0021C164       system_servicetable
 0002:0021C17C       system_scn_lines
 0002:0021C26C       system_stdin
 0002:0021C270       systhread_running
 0002:0021C27C       systhread_ready
 0002:0021C288       systhread_muststop
 0002:0021C294       systhread_handle
 0002:0021C2BC       systhread_id
 0002:0021C2E4       systhread_timerid
 0002:0021C30C       systhread_timerms
 0002:0021C334       systhread_usingtimer
 0002:0021C340       systhread_fast64
 0002:0021C390       systhread_lag
 0002:0021C3E0       systhread_lastlag
 0002:0021C430       systhread_lagref
 0002:0021C480       systhread_ref1000
 0002:0021C4D0       systhread_bufferid
 0002:0021C4F8       systhread_bufferid2
 0002:0021C520       systhread_cmd
 0002:0021C548       systhread_bufferlen
 0002:0021C570       systhread_buffer
 0002:00234C10       system_monitors_hmonitor
 0002:00234DA0       system_monitors_area
 0002:002353E0       system_monitors_workarea
 0002:00235A20       system_monitors_primary
 0002:00235A84       system_monitors_scale
 0002:00235C14       system_monitors_totalarea
 0002:00235C24       system_monitors_totalworkarea
 0002:00235C38       system_xbox_retryref64
 0002:00235C68       system_xbox_statelist
 0002:00236250       system_xbox_setstatelist
 0002:00236268       system_xbox_idleref
 0002:00236280       system_xbox_keyboard
 0002:00236320       system_xbox_mouse
 0002:002363C0       system_xbox_input_labels
 0002:0023641C       system_xbox_input_allowed
 0002:00236438       game_fontlist
 0002:00236658       game_menu


Program entry point at 0001:00124398
